
> frontend@0.1.0 build
> next build

Γû▓ Next.js 16.1.1 (Turbopack)

  Creating an optimized production build ...
node.exe : Turbopack 
build encountered 1 
warnings:
At C:\Program Files\no
dejs\npm.ps1:29 char:3
+   & $NODE_EXE 
$NPM_CLI_JS $args
+   ~~~~~~~~~~~~~~~~~~
~~~~~~~~~~~
    + CategoryInfo    
          : NotSpeci  
  fied: (Turbopack    
 build encountered    
 1 warnings::Stri    
ng) [], RemoteExc    
eption
    + FullyQualifiedE 
   rrorId : NativeCo  
  mmandError
 
./tailwind.config.ts:1
11:15
Module not found: 
Can't resolve 
'tailwindcss-animate'
[0m [90m 109 |[39m 
        }[33m,[39m
 [90m 110 |[39m     
}[33m,[39m
[31m[1m>[22m[39m[
90m 111 |[39m     
plugins[33m:[39m [re
quire([32m"tailwindcs
s-animate"[39m)][33m
,[39m
 [90m     |[39m     
          [31m[1m^[
22m[39m[31m[1m^[22
m[39m[31m[1m^[22m
[39m[31m[1m^[22m[3
9m[31m[1m^[22m[39m
[31m[1m^[22m[39m[
31m[1m^[22m[39m[31
m[1m^[22m[39m[31m
[1m^[22m[39m[31m[1
m^[22m[39m[31m[1m^
[22m[39m[31m[1m^[
22m[39m[31m[1m^[22
m[39m[31m[1m^[22m
[39m[31m[1m^[22m[3
9m[31m[1m^[22m[39m
[31m[1m^[22m[39m[
31m[1m^[22m[39m[31
m[1m^[22m[39m[31m
[1m^[22m[39m[31m[1
m^[22m[39m[31m[1m^
[22m[39m[31m[1m^[
22m[39m[31m[1m^[22
m[39m[31m[1m^[22m
[39m[31m[1m^[22m[3
9m[31m[1m^[22m[39m
[31m[1m^[22m[39m[
31m[1m^[22m[39m[31
m[1m^[22m[39m
 [90m 112 |[39m } 
satisfies [33mConfig
[39m[33m;[39m
 [90m 113 |[39m[0m



https://nextjs.org/doc
s/messages/module-not-
found



> Build error occurred
Error: Turbopack 
build failed with 31 
errors:
./app/globals.css
Error evaluating 
Node.js code
Error: It looks like 
you're trying to use 
`tailwindcss` 
directly as a PostCSS 
plugin. The PostCSS 
plugin has moved to a 
separate package, so 
to continue using 
Tailwind CSS with 
PostCSS you'll need 
to install `@tailwindc
ss/postcss` and 
update your PostCSS 
configuration.
    [at lt (D:\Project
\Habit-Flow\frontend\n
ode_modules\tailwindcs
s\dist\lib.js:38:1643)
]
    at turbopack:///[t
urbopack-node]/transfo
rms/postcss.ts:56:14 [
D:\Project\Habit-Flow\
frontend\.next\build\c
hunks\[root-of-the-ser
ver]__51225daf._.js:13
9:20]
    [at <anonymous>]
    at Module.init (tu
rbopack:///[turbopack-
node]/transforms/postc
ss.ts:43:33) [D:\Proje
ct\Habit-Flow\frontend
\.next\build\chunks\[r
oot-of-the-server]__51
225daf._.js:129:35]
    at run (turbopack:
///[turbopack-node]/ip
c/evaluate.ts:77:20) [
D:\Project\Habit-Flow\
frontend\.next\build\c
hunks\[root-of-the-ser
ver]__974941ed._.js:42
9:26]
    [at process.proces
sTicksAndRejections (n
ode:internal/process/t
ask_queues:105:5)]

Import trace:
  Client Component 
Browser:
    ./app/globals.css 
[Client Component 
Browser]
    ./app/layout.tsx 
[Server Component]


./components/ui/button
.tsx:2:1
Module not found: 
Can't resolve 
'@radix-ui/react-slot'
[0m [90m 1 |[39m 
[36mimport[39m 
[33m*[39m 
[36mas[39m 
[33mReact[39m 
[36mfrom[39m [32m"r
eact"[39m[33m;[39m
[31m[1m>[22m[39m[
90m 2 |[39m 
[36mimport[39m { 
[33mSlot[39m } 
[36mfrom[39m [32m"@
radix-ui/react-slot"[
39m[33m;[39m
 [90m   |[39m [31m
[1m^[22m[39m[31m[1
m^[22m[39m[31m[1m^
[22m[39m[31m[1m^[
22m[39m[31m[1m^[22
m[39m[31m[1m^[22m
[39m[31m[1m^[22m[3
9m[31m[1m^[22m[39m
[31m[1m^[22m[39m[
31m[1m^[22m[39m[31
m[1m^[22m[39m[31m
[1m^[22m[39m[31m[1
m^[22m[39m[31m[1m^
[22m[39m[31m[1m^[
22m[39m[31m[1m^[22
m[39m[31m[1m^[22m
[39m[31m[1m^[22m[3
9m[31m[1m^[22m[39m
[31m[1m^[22m[39m[
31m[1m^[22m[39m[31
m[1m^[22m[39m[31m
[1m^[22m[39m[31m[1
m^[22m[39m[31m[1m^
[22m[39m[31m[1m^[
22m[39m[31m[1m^[22
m[39m[31m[1m^[22m
[39m[31m[1m^[22m[3
9m[31m[1m^[22m[39m
[31m[1m^[22m[39m[
31m[1m^[22m[39m[31
m[1m^[22m[39m[31m
[1m^[22m[39m[31m[1
m^[22m[39m[31m[1m^
[22m[39m[31m[1m^[
22m[39m[31m[1m^[22
m[39m[31m[1m^[22m
[39m[31m[1m^[22m[3
9m[31m[1m^[22m[39m
[31m[1m^[22m[39m[
31m[1m^[22m[39m[31
m[1m^[22m[39m
 [90m 3 |[39m 
[36mimport[39m { 
cva[33m,[39m type [
33mVariantProps[39m 
} [36mfrom[39m [32m
"class-variance-author
ity"[39m[33m;[39m
 [90m 4 |[39m
 [90m 5 |[39m 
[36mimport[39m { cn 
} [36mfrom[39m [32m
"@/lib/utils"[39m[33
m;[39m[0m



Import traces:
  Client Component 
Browser:
    ./components/ui/bu
tton.tsx [Client 
Component Browser]
    ./app/page.tsx 
[Client Component 
Browser]
    ./app/page.tsx 
[Server Component]

  Client Component 
SSR:
    ./components/ui/bu
tton.tsx [Client 
Component SSR]
    ./app/page.tsx 
[Client Component SSR]
    ./app/page.tsx 
[Server Component]

https://nextjs.org/doc
s/messages/module-not-
found


./components/ui/button
.tsx:3:1
Module not found: 
Can't resolve 'class-v
ariance-authority'
[0m [90m 1 |[39m 
[36mimport[39m 
[33m*[39m 
[36mas[39m 
[33mReact[39m 
[36mfrom[39m [32m"r
eact"[39m[33m;[39m
 [90m 2 |[39m 
[36mimport[39m { 
[33mSlot[39m } 
[36mfrom[39m [32m"@
radix-ui/react-slot"[
39m[33m;[39m
[31m[1m>[22m[39m[
90m 3 |[39m 
[36mimport[39m { 
cva[33m,[39m type [
33mVariantProps[39m 
} [36mfrom[39m [32m
"class-variance-author
ity"[39m[33m;[39m
 [90m   |[39m [31m
[1m^[22m[39m[31m[1
m^[22m[39m[31m[1m^
[22m[39m[31m[1m^[
22m[39m[31m[1m^[22
m[39m[31m[1m^[22m
[39m[31m[1m^[22m[3
9m[31m[1m^[22m[39m
[31m[1m^[22m[39m[
31m[1m^[22m[39m[31
m[1m^[22m[39m[31m
[1m^[22m[39m[31m[1
m^[22m[39m[31m[1m^
[22m[39m[31m[1m^[
22m[39m[31m[1m^[22
m[39m[31m[1m^[22m
[39m[31m[1m^[22m[3
9m[31m[1m^[22m[39m
[31m[1m^[22m[39m[
31m[1m^[22m[39m[31
m[1m^[22m[39m[31m
[1m^[22m[39m[31m[1
m^[22m[39m[31m[1m^
[22m[39m[31m[1m^[
22m[39m[31m[1m^[22
m[39m[31m[1m^[22m
[39m[31m[1m^[22m[3
9m[31m[1m^[22m[39m
[31m[1m^[22m[39m[
31m[1m^[22m[39m[31
m[1m^[22m[39m[31m
[1m^[22m[39m[31m[1
m^[22m[39m[31m[1m^
[22m[39m[31m[1m^[
22m[39m[31m[1m^[22
m[39m[31m[1m^[22m
[39m[31m[1m^[22m[3
9m[31m[1m^[22m[39m
[31m[1m^[22m[39m[
31m[1m^[22m[39m[31
m[1m^[22m[39m[31m
[1m^[22m[39m[31m[1
m^[22m[39m[31m[1m^
[22m[39m[31m[1m^[
22m[39m[31m[1m^[22
m[39m[31m[1m^[22m
[39m[31m[1m^[22m[3
9m[31m[1m^[22m[39m
[31m[1m^[22m[39m[
31m[1m^[22m[39m[31
m[1m^[22m[39m[31m
[1m^[22m[39m[31m[1
m^[22m[39m[31m[1m^
[22m[39m[31m[1m^[
22m[39m[31m[1m^[22
m[39m[31m[1m^[22m
[39m[31m[1m^[22m[3
9m[31m[1m^[22m[39m
[31m[1m^[22m[39m[
31m[1m^[22m[39m[31
m[1m^[22m[39m
 [90m 4 |[39m
 [90m 5 |[39m 
[36mimport[39m { cn 
} [36mfrom[39m [32m
"@/lib/utils"[39m[33
m;[39m
 [90m 6 |[39m[0m



Import traces:
  Client Component 
Browser:
    ./components/ui/bu
tton.tsx [Client 
Component Browser]
    ./app/page.tsx 
[Client Component 
Browser]
    ./app/page.tsx 
[Server Component]

  Client Component 
SSR:
    ./components/ui/bu
tton.tsx [Client 
Component SSR]
    ./app/page.tsx 
[Client Component SSR]
    ./app/page.tsx 
[Server Component]

https://nextjs.org/doc
s/messages/module-not-
found


./lib/utils.ts:1:1
Module not found: 
Can't resolve 'clsx'
[0m[31m[1m>[22m[3
9m[90m 1 |[39m 
[36mimport[39m { 
clsx[33m,[39m type 
[33mClassValue[39m 
} [36mfrom[39m [32m
"clsx"[39m[33m;[39m
 [90m   |[39m [31m
[1m^[22m[39m[31m[1
m^[22m[39m[31m[1m^
[22m[39m[31m[1m^[
22m[39m[31m[1m^[22
m[39m[31m[1m^[22m
[39m[31m[1m^[22m[3
9m[31m[1m^[22m[39m
[31m[1m^[22m[39m[
31m[1m^[22m[39m[31
m[1m^[22m[39m[31m
[1m^[22m[39m[31m[1
m^[22m[39m[31m[1m^
[22m[39m[31m[1m^[
22m[39m[31m[1m^[22
m[39m[31m[1m^[22m
[39m[31m[1m^[22m[3
9m[31m[1m^[22m[39m
[31m[1m^[22m[39m[
31m[1m^[22m[39m[31
m[1m^[22m[39m[31m
[1m^[22m[39m[31m[1
m^[22m[39m[31m[1m^
[22m[39m[31m[1m^[
22m[39m[31m[1m^[22
m[39m[31m[1m^[22m
[39m[31m[1m^[22m[3
9m[31m[1m^[22m[39m
[31m[1m^[22m[39m[
31m[1m^[22m[39m[31
m[1m^[22m[39m[31m
[1m^[22m[39m[31m[1
m^[22m[39m[31m[1m^
[22m[39m[31m[1m^[
22m[39m[31m[1m^[22
m[39m[31m[1m^[22m
[39m[31m[1m^[22m[3
9m[31m[1m^[22m[39m
[31m[1m^[22m[39m[
31m[1m^[22m[39m[31
m[1m^[22m[39m[31m
[1m^[22m[39m
 [90m 2 |[39m 
[36mimport[39m { 
twMerge } 
[36mfrom[39m [32m"t
ailwind-merge"[39m[3
3m;[39m
 [90m 3 |[39m
 [90m 4 |[39m 
[36mexport[39m 
[36mfunction[39m cn(
[33m...[39minputs[3
3m:[39m [33mClassVal
ue[39m[]) {[0m



Import traces:
  Client Component 
Browser:
    ./lib/utils.ts 
[Client Component 
Browser]
    ./components/calen
dar/MonthlyCalendar.ts
x [Client Component 
Browser]
    ./app/page.tsx 
[Client Component 
Browser]
    ./app/page.tsx 
[Server Component]

  Client Component 
SSR:
    ./lib/utils.ts 
[Client Component SSR]
    ./components/calen
dar/MonthlyCalendar.ts
x [Client Component 
SSR]
    ./app/page.tsx 
[Client Component SSR]
    ./app/page.tsx 
[Server Component]

https://nextjs.org/doc
s/messages/module-not-
found


./app/page.tsx:4:1
Module not found: 
Can't resolve 
'date-fns'
[0m [90m 2 |[39m
 [90m 3 |[39m 
[36mimport[39m { 
useState[33m,[39m 
useEffect } 
[36mfrom[39m [32m'r
eact'[39m[33m;[39m
[31m[1m>[22m[39m[
90m 4 |[39m 
[36mimport[39m { 
format } 
[36mfrom[39m [32m'd
ate-fns'[39m[33m;[3
9m
 [90m   |[39m [31m
[1m^[22m[39m[31m[1
m^[22m[39m[31m[1m^
[22m[39m[31m[1m^[
22m[39m[31m[1m^[22
m[39m[31m[1m^[22m
[39m[31m[1m^[22m[3
9m[31m[1m^[22m[39m
[31m[1m^[22m[39m[
31m[1m^[22m[39m[31
m[1m^[22m[39m[31m
[1m^[22m[39m[31m[1
m^[22m[39m[31m[1m^
[22m[39m[31m[1m^[
22m[39m[31m[1m^[22
m[39m[31m[1m^[22m
[39m[31m[1m^[22m[3
9m[31m[1m^[22m[39m
[31m[1m^[22m[39m[
31m[1m^[22m[39m[31
m[1m^[22m[39m[31m
[1m^[22m[39m[31m[1
m^[22m[39m[31m[1m^
[22m[39m[31m[1m^[
22m[39m[31m[1m^[22
m[39m[31m[1m^[22m
[39m[31m[1m^[22m[3
9m[31m[1m^[22m[39m
[31m[1m^[22m[39m[
31m[1m^[22m[39m[31
m[1m^[22m[39m[31m
[1m^[22m[39m
 [90m 5 |[39m 
[36mimport[39m { 
motion } 
[36mfrom[39m [32m'f
ramer-motion'[39m[33
m;[39m
 [90m 6 |[39m 
[36mimport[39m { [3
3mFlame[39m[33m,[39
m [33mTarget[39m[33
m,[39m [33mBookOpen
[39m[33m,[39m [33mT
rophy[39m[33m,[39m 
[33mChevronLeft[39m
[33m,[39m [33mChevro
nRight[39m } 
[36mfrom[39m [32m'l
ucide-react'[39m[33m
;[39m
 [90m 7 |[39m[0m



Import traces:
  Client Component 
Browser:
    ./app/page.tsx 
[Client Component 
Browser]
    ./app/page.tsx 
[Server Component]

  Client Component 
SSR:
    ./app/page.tsx 
[Client Component SSR]
    ./app/page.tsx 
[Server Component]

https://nextjs.org/doc
s/messages/module-not-
found


./components/calendar/
MonthlyCalendar.tsx:3:
1
Module not found: 
Can't resolve 
'date-fns'
[0m [90m 1 |[39m 
[36mimport[39m { 
useState[33m,[39m 
useMemo } 
[36mfrom[39m [32m'r
eact'[39m[33m;[39m
 [90m 2 |[39m 
[36mimport[39m { 
motion } 
[36mfrom[39m [32m'f
ramer-motion'[39m[33
m;[39m
[31m[1m>[22m[39m[
90m 3 |[39m 
[36mimport[39m { 
format[33m,[39m star
tOfMonth[33m,[39m 
endOfMonth[33m,[39m 
eachDayOfInterval[33m
,[39m 
isSameDay[33m,[39m 
isToday[33m,[39m 
getDay } 
[36mfrom[39m [32m'd
ate-fns'[39m[33m;[3
9m
 [90m   |[39m [31m
[1m^[22m[39m[31m[1
m^[22m[39m[31m[1m^
[22m[39m[31m[1m^[
22m[39m[31m[1m^[22
m[39m[31m[1m^[22m
[39m[31m[1m^[22m[3
9m[31m[1m^[22m[39m
[31m[1m^[22m[39m[
31m[1m^[22m[39m[31
m[1m^[22m[39m[31m
[1m^[22m[39m[31m[1
m^[22m[39m[31m[1m^
[22m[39m[31m[1m^[
22m[39m[31m[1m^[22
m[39m[31m[1m^[22m
[39m[31m[1m^[22m[3
9m[31m[1m^[22m[39m
[31m[1m^[22m[39m[
31m[1m^[22m[39m[31
m[1m^[22m[39m[31m
[1m^[22m[39m[31m[1
m^[22m[39m[31m[1m^
[22m[39m[31m[1m^[
22m[39m[31m[1m^[22
m[39m[31m[1m^[22m
[39m[31m[1m^[22m[3
9m[31m[1m^[22m[39m
[31m[1m^[22m[39m[
31m[1m^[22m[39m[31
m[1m^[22m[39m[31m
[1m^[22m[39m[31m[1
m^[22m[39m[31m[1m^
[22m[39m[31m[1m^[
22m[39m[31m[1m^[22
m[39m[31m[1m^[22m
[39m[31m[1m^[22m[3
9m[31m[1m^[22m[39m
[31m[1m^[22m[39m[
31m[1m^[22m[39m[31
m[1m^[22m[39m[31m
[1m^[22m[39m[31m[1
m^[22m[39m[31m[1m^
[22m[39m[31m[1m^[
22m[39m[31m[1m^[22
m[39m[31m[1m^[22m
[39m[31m[1m^[22m[3
9m[31m[1m^[22m[39m
[31m[1m^[22m[39m[
31m[1m^[22m[39m[31
m[1m^[22m[39m[31m
[1m^[22m[39m[31m[1
m^[22m[39m[31m[1m^
[22m[39m[31m[1m^[
22m[39m[31m[1m^[22
m[39m[31m[1m^[22m
[39m[31m[1m^[22m[3
9m[31m[1m^[22m[39m
[31m[1m^[22m[39m[
31m[1m^[22m[39m[31
m[1m^[22m[39m[31m
[1m^[22m[39m[31m[1
m^[22m[39m[31m[1m^
[22m[39m[31m[1m^[
22m[39m[31m[1m^[22
m[39m[31m[1m^[22m
[39m[31m[1m^[22m[3
9m[31m[1m^[22m[39m
[31m[1m^[22m[39m[
31m[1m^[22m[39m[31
m[1m^[22m[39m[31m
[1m^[22m[39m[31m[1
m^[22m[39m[31m[1m^
[22m[39m[31m[1m^[
22m[39m[31m[1m^[22
m[39m[31m[1m^[22m
[39m[31m[1m^[22m[3
9m[31m[1m^[22m[39m
[31m[1m^[22m[39m[
31m[1m^[22m[39m[31
m[1m^[22m[39m[31m
[1m^[22m[39m[31m[1
m^[22m[39m[31m[1m^
[22m[39m[31m[1m^[
22m[39m[31m[1m^[22
m[39m[31m[1m^[22m
[39m[31m[1m^[22m[3
9m[31m[1m^[22m[39m
[31m[1m^[22m[39m[
31m[1m^[22m[39m[31
m[1m^[22m[39m[31m
[1m^[22m[39m[31m[1
m^[22m[39m[31m[1m^
[22m[39m[31m[1m^[
22m[39m[31m[1m^[22
m[39m[31m[1m^[22m
[39m[31m[1m^[22m[3
9m[31m[1m^[22m[39m
 [90m 4 |[39m 
[36mimport[39m { [3
3mChevronLeft[39m[33
m,[39m [33mChevronRi
ght[39m[33m,[39m [
33mPlus[39m[33m,[39
m [33mX[39m } 
[36mfrom[39m [32m'l
ucide-react'[39m[33m
;[39m
 [90m 5 |[39m 
[36mimport[39m { 
[33mHabit[39m } 
[36mfrom[39m [32m'@
/lib/types'[39m[33m;
[39m
 [90m 6 |[39m 
[36mimport[39m { 
[33mHabitCheck[39m 
} [36mfrom[39m [32m
'@/components/dashboar
d/HabitCheck'[39m[33
m;[39m[0m



Import traces:
  Client Component 
Browser:
    ./components/calen
dar/MonthlyCalendar.ts
x [Client Component 
Browser]
    ./app/page.tsx 
[Client Component 
Browser]
    ./app/page.tsx 
[Server Component]

  Client Component 
SSR:
    ./components/calen
dar/MonthlyCalendar.ts
x [Client Component 
SSR]
    ./app/page.tsx 
[Client Component SSR]
    ./app/page.tsx 
[Server Component]

https://nextjs.org/doc
s/messages/module-not-
found


./components/dashboard
/DailyHabits.tsx:2:1
Module not found: 
Can't resolve 
'date-fns'
[0m [90m 1 |[39m 
[36mimport[39m { 
motion } 
[36mfrom[39m [32m'f
ramer-motion'[39m[33
m;[39m
[31m[1m>[22m[39m[
90m 2 |[39m 
[36mimport[39m { 
format } 
[36mfrom[39m [32m'd
ate-fns'[39m[33m;[3
9m
 [90m   |[39m [31m
[1m^[22m[39m[31m[1
m^[22m[39m[31m[1m^
[22m[39m[31m[1m^[
22m[39m[31m[1m^[22
m[39m[31m[1m^[22m
[39m[31m[1m^[22m[3
9m[31m[1m^[22m[39m
[31m[1m^[22m[39m[
31m[1m^[22m[39m[31
m[1m^[22m[39m[31m
[1m^[22m[39m[31m[1
m^[22m[39m[31m[1m^
[22m[39m[31m[1m^[
22m[39m[31m[1m^[22
m[39m[31m[1m^[22m
[39m[31m[1m^[22m[3
9m[31m[1m^[22m[39m
[31m[1m^[22m[39m[
31m[1m^[22m[39m[31
m[1m^[22m[39m[31m
[1m^[22m[39m[31m[1
m^[22m[39m[31m[1m^
[22m[39m[31m[1m^[
22m[39m[31m[1m^[22
m[39m[31m[1m^[22m
[39m[31m[1m^[22m[3
9m[31m[1m^[22m[39m
[31m[1m^[22m[39m[
31m[1m^[22m[39m[31
m[1m^[22m[39m[31m
[1m^[22m[39m
 [90m 3 |[39m 
[36mimport[39m { 
[33mHabit[39m } 
[36mfrom[39m [32m'@
/lib/types'[39m[33m;
[39m
 [90m 4 |[39m 
[36mimport[39m { 
[33mHabitCheck[39m 
} [36mfrom[39m [32m
'./HabitCheck'[39m[3
3m;[39m
 [90m 5 |[39m[0m



Import traces:
  Client Component 
Browser:
    ./components/dashb
oard/DailyHabits.tsx 
[Client Component 
Browser]
    ./app/page.tsx 
[Client Component 
Browser]
    ./app/page.tsx 
[Server Component]

  Client Component 
SSR:
    ./components/dashb
oard/DailyHabits.tsx 
[Client Component SSR]
    ./app/page.tsx 
[Client Component SSR]
    ./app/page.tsx 
[Server Component]

https://nextjs.org/doc
s/messages/module-not-
found


./components/dashboard
/DailyTodos.tsx:4:1
Module not found: 
Can't resolve 
'date-fns'
[0m [90m 2 |[39m 
[36mimport[39m { 
motion[33m,[39m [33
mAnimatePresence[39m 
} [36mfrom[39m [32m
'framer-motion'[39m[
33m;[39m
 [90m 3 |[39m 
[36mimport[39m { [3
3mPlus[39m[33m,[39m
 [33mX[39m } 
[36mfrom[39m [32m'l
ucide-react'[39m[33m
;[39m
[31m[1m>[22m[39m[
90m 4 |[39m 
[36mimport[39m { 
format } 
[36mfrom[39m [32m'd
ate-fns'[39m[33m;[3
9m
 [90m   |[39m [31m
[1m^[22m[39m[31m[1
m^[22m[39m[31m[1m^
[22m[39m[31m[1m^[
22m[39m[31m[1m^[22
m[39m[31m[1m^[22m
[39m[31m[1m^[22m[3
9m[31m[1m^[22m[39m
[31m[1m^[22m[39m[
31m[1m^[22m[39m[31
m[1m^[22m[39m[31m
[1m^[22m[39m[31m[1
m^[22m[39m[31m[1m^
[22m[39m[31m[1m^[
22m[39m[31m[1m^[22
m[39m[31m[1m^[22m
[39m[31m[1m^[22m[3
9m[31m[1m^[22m[39m
[31m[1m^[22m[39m[
31m[1m^[22m[39m[31
m[1m^[22m[39m[31m
[1m^[22m[39m[31m[1
m^[22m[39m[31m[1m^
[22m[39m[31m[1m^[
22m[39m[31m[1m^[22
m[39m[31m[1m^[22m
[39m[31m[1m^[22m[3
9m[31m[1m^[22m[39m
[31m[1m^[22m[39m[
31m[1m^[22m[39m[31
m[1m^[22m[39m[31m
[1m^[22m[39m
 [90m 5 |[39m 
[36mimport[39m { 
[33mTodoItem[39m } 
[36mfrom[39m [32m'@
/lib/types'[39m[33m;
[39m
 [90m 6 |[39m 
[36mimport[39m { 
[33mHabitCheck[39m 
} [36mfrom[39m [32m
'./HabitCheck'[39m[3
3m;[39m
 [90m 7 |[39m 
[36mimport[39m { 
[33mInput[39m } 
[36mfrom[39m [32m'@
/components/ui/input'
[39m[33m;[39m[0m



Import traces:
  Client Component 
Browser:
    ./components/dashb
oard/DailyTodos.tsx 
[Client Component 
Browser]
    ./app/page.tsx 
[Client Component 
Browser]
    ./app/page.tsx 
[Server Component]

  Client Component 
SSR:
    ./components/dashb
oard/DailyTodos.tsx 
[Client Component SSR]
    ./app/page.tsx 
[Client Component SSR]
    ./app/page.tsx 
[Server Component]

https://nextjs.org/doc
s/messages/module-not-
found


./components/dashboard
/JournalWidget.tsx:3:1
Module not found: 
Can't resolve 
'date-fns'
[0m [90m 1 |[39m 
[36mimport[39m { 
useState[33m,[39m 
useEffect } 
[36mfrom[39m [32m'r
eact'[39m[33m;[39m
 [90m 2 |[39m 
[36mimport[39m { 
motion } 
[36mfrom[39m [32m'f
ramer-motion'[39m[33
m;[39m
[31m[1m>[22m[39m[
90m 3 |[39m 
[36mimport[39m { 
format } 
[36mfrom[39m [32m'd
ate-fns'[39m[33m;[3
9m
 [90m   |[39m [31m
[1m^[22m[39m[31m[1
m^[22m[39m[31m[1m^
[22m[39m[31m[1m^[
22m[39m[31m[1m^[22
m[39m[31m[1m^[22m
[39m[31m[1m^[22m[3
9m[31m[1m^[22m[39m
[31m[1m^[22m[39m[
31m[1m^[22m[39m[31
m[1m^[22m[39m[31m
[1m^[22m[39m[31m[1
m^[22m[39m[31m[1m^
[22m[39m[31m[1m^[
22m[39m[31m[1m^[22
m[39m[31m[1m^[22m
[39m[31m[1m^[22m[3
9m[31m[1m^[22m[39m
[31m[1m^[22m[39m[
31m[1m^[22m[39m[31
m[1m^[22m[39m[31m
[1m^[22m[39m[31m[1
m^[22m[39m[31m[1m^
[22m[39m[31m[1m^[
22m[39m[31m[1m^[22
m[39m[31m[1m^[22m
[39m[31m[1m^[22m[3
9m[31m[1m^[22m[39m
[31m[1m^[22m[39m[
31m[1m^[22m[39m[31
m[1m^[22m[39m[31m
[1m^[22m[39m
 [90m 4 |[39m 
[36mimport[39m { [3
3mJournalEntry[39m } 
[36mfrom[39m [32m'@
/lib/types'[39m[33m;
[39m
 [90m 5 |[39m 
[36mimport[39m { 
[33mTextarea[39m } 
[36mfrom[39m [32m'@
/components/ui/textare
a'[39m[33m;[39m
 [90m 6 |[39m 
[36mimport[39m { cn 
} [36mfrom[39m [32m
'@/lib/utils'[39m[33
m;[39m[0m



Import traces:
  Client Component 
Browser:
    ./components/dashb
oard/JournalWidget.tsx
 [Client Component 
Browser]
    ./app/page.tsx 
[Client Component 
Browser]
    ./app/page.tsx 
[Server Component]

  Client Component 
SSR:
    ./components/dashb
oard/JournalWidget.tsx
 [Client Component 
SSR]
    ./app/page.tsx 
[Client Component SSR]
    ./app/page.tsx 
[Server Component]

https://nextjs.org/doc
s/messages/module-not-
found


./components/journal/J
ournalView.tsx:3:1
Module not found: 
Can't resolve 
'date-fns'
[0m [90m 1 |[39m 
[36mimport[39m { 
useState } 
[36mfrom[39m [32m'r
eact'[39m[33m;[39m
 [90m 2 |[39m 
[36mimport[39m { 
motion } 
[36mfrom[39m [32m'f
ramer-motion'[39m[33
m;[39m
[31m[1m>[22m[39m[
90m 3 |[39m 
[36mimport[39m { 
format[33m,[39m 
subDays[33m,[39m 
isSameDay } 
[36mfrom[39m [32m'd
ate-fns'[39m[33m;[3
9m
 [90m   |[39m [31m
[1m^[22m[39m[31m[1
m^[22m[39m[31m[1m^
[22m[39m[31m[1m^[
22m[39m[31m[1m^[22
m[39m[31m[1m^[22m
[39m[31m[1m^[22m[3
9m[31m[1m^[22m[39m
[31m[1m^[22m[39m[
31m[1m^[22m[39m[31
m[1m^[22m[39m[31m
[1m^[22m[39m[31m[1
m^[22m[39m[31m[1m^
[22m[39m[31m[1m^[
22m[39m[31m[1m^[22
m[39m[31m[1m^[22m
[39m[31m[1m^[22m[3
9m[31m[1m^[22m[39m
[31m[1m^[22m[39m[
31m[1m^[22m[39m[31
m[1m^[22m[39m[31m
[1m^[22m[39m[31m[1
m^[22m[39m[31m[1m^
[22m[39m[31m[1m^[
22m[39m[31m[1m^[22
m[39m[31m[1m^[22m
[39m[31m[1m^[22m[3
9m[31m[1m^[22m[39m
[31m[1m^[22m[39m[
31m[1m^[22m[39m[31
m[1m^[22m[39m[31m
[1m^[22m[39m[31m[1
m^[22m[39m[31m[1m^
[22m[39m[31m[1m^[
22m[39m[31m[1m^[22
m[39m[31m[1m^[22m
[39m[31m[1m^[22m[3
9m[31m[1m^[22m[39m
[31m[1m^[22m[39m[
31m[1m^[22m[39m[31
m[1m^[22m[39m[31m
[1m^[22m[39m[31m[1
m^[22m[39m[31m[1m^
[22m[39m[31m[1m^[
22m[39m[31m[1m^[22
m[39m[31m[1m^[22m
[39m[31m[1m^[22m[3
9m[31m[1m^[22m[39m
[31m[1m^[22m[39m[
31m[1m^[22m[39m
 [90m 4 |[39m 
[36mimport[39m { [3
3mChevronLeft[39m[33
m,[39m [33mChevronRi
ght[39m[33m,[39m 
[33mBookOpen[39m } 
[36mfrom[39m [32m'l
ucide-react'[39m[33m
;[39m
 [90m 5 |[39m 
[36mimport[39m { [3
3mJournalEntry[39m } 
[36mfrom[39m [32m'@
/lib/types'[39m[33m;
[39m
 [90m 6 |[39m 
[36mimport[39m { 
[33mTextarea[39m } 
[36mfrom[39m [32m'@
/components/ui/textare
a'[39m[33m;[39m[0m



Import traces:
  Client Component 
Browser:
    ./components/journ
al/JournalView.tsx 
[Client Component 
Browser]
    ./app/page.tsx 
[Client Component 
Browser]
    ./app/page.tsx 
[Server Component]

  Client Component 
SSR:
    ./components/journ
al/JournalView.tsx 
[Client Component SSR]
    ./app/page.tsx 
[Client Component SSR]
    ./app/page.tsx 
[Server Component]

https://nextjs.org/doc
s/messages/module-not-
found


./app/page.tsx:5:1
Module not found: 
Can't resolve 
'framer-motion'
[0m [90m 3 |[39m 
[36mimport[39m { 
useState[33m,[39m 
useEffect } 
[36mfrom[39m [32m'r
eact'[39m[33m;[39m
 [90m 4 |[39m 
[36mimport[39m { 
format } 
[36mfrom[39m [32m'd
ate-fns'[39m[33m;[3
9m
[31m[1m>[22m[39m[
90m 5 |[39m 
[36mimport[39m { 
motion } 
[36mfrom[39m [32m'f
ramer-motion'[39m[33
m;[39m
 [90m   |[39m [31m
[1m^[22m[39m[31m[1
m^[22m[39m[31m[1m^
[22m[39m[31m[1m^[
22m[39m[31m[1m^[22
m[39m[31m[1m^[22m
[39m[31m[1m^[22m[3
9m[31m[1m^[22m[39m
[31m[1m^[22m[39m[
31m[1m^[22m[39m[31
m[1m^[22m[39m[31m
[1m^[22m[39m[31m[1
m^[22m[39m[31m[1m^
[22m[39m[31m[1m^[
22m[39m[31m[1m^[22
m[39m[31m[1m^[22m
[39m[31m[1m^[22m[3
9m[31m[1m^[22m[39m
[31m[1m^[22m[39m[
31m[1m^[22m[39m[31
m[1m^[22m[39m[31m
[1m^[22m[39m[31m[1
m^[22m[39m[31m[1m^
[22m[39m[31m[1m^[
22m[39m[31m[1m^[22
m[39m[31m[1m^[22m
[39m[31m[1m^[22m[3
9m[31m[1m^[22m[39m
[31m[1m^[22m[39m[
31m[1m^[22m[39m[31
m[1m^[22m[39m[31m
[1m^[22m[39m[31m[1
m^[22m[39m[31m[1m^
[22m[39m[31m[1m^[
22m[39m[31m[1m^[22
m[39m[31m[1m^[22m
[39m
 [90m 6 |[39m 
[36mimport[39m { [3
3mFlame[39m[33m,[39
m [33mTarget[39m[33
m,[39m [33mBookOpen
[39m[33m,[39m [33mT
rophy[39m[33m,[39m 
[33mChevronLeft[39m
[33m,[39m [33mChevro
nRight[39m } 
[36mfrom[39m [32m'l
ucide-react'[39m[33m
;[39m
 [90m 7 |[39m
 [90m 8 |[39m 
[36mimport[39m { 
[33mSidebar[39m } 
[36mfrom[39m [32m'@
/components/layout/Sid
ebar'[39m[33m;[39m
[0m



Import traces:
  Client Component 
Browser:
    ./app/page.tsx 
[Client Component 
Browser]
    ./app/page.tsx 
[Server Component]

  Client Component 
SSR:
    ./app/page.tsx 
[Client Component SSR]
    ./app/page.tsx 
[Server Component]

https://nextjs.org/doc
s/messages/module-not-
found


./components/achieveme
nts/AchievementsView.t
sx:1:1
Module not found: 
Can't resolve 
'framer-motion'
[0m[31m[1m>[22m[3
9m[90m 1 |[39m 
[36mimport[39m { 
motion } 
[36mfrom[39m [32m'f
ramer-motion'[39m[33
m;[39m
 [90m   |[39m [31m
[1m^[22m[39m[31m[1
m^[22m[39m[31m[1m^
[22m[39m[31m[1m^[
22m[39m[31m[1m^[22
m[39m[31m[1m^[22m
[39m[31m[1m^[22m[3
9m[31m[1m^[22m[39m
[31m[1m^[22m[39m[
31m[1m^[22m[39m[31
m[1m^[22m[39m[31m
[1m^[22m[39m[31m[1
m^[22m[39m[31m[1m^
[22m[39m[31m[1m^[
22m[39m[31m[1m^[22
m[39m[31m[1m^[22m
[39m[31m[1m^[22m[3
9m[31m[1m^[22m[39m
[31m[1m^[22m[39m[
31m[1m^[22m[39m[31
m[1m^[22m[39m[31m
[1m^[22m[39m[31m[1
m^[22m[39m[31m[1m^
[22m[39m[31m[1m^[
22m[39m[31m[1m^[22
m[39m[31m[1m^[22m
[39m[31m[1m^[22m[3
9m[31m[1m^[22m[39m
[31m[1m^[22m[39m[
31m[1m^[22m[39m[31
m[1m^[22m[39m[31m
[1m^[22m[39m[31m[1
m^[22m[39m[31m[1m^
[22m[39m[31m[1m^[
22m[39m[31m[1m^[22
m[39m[31m[1m^[22m
[39m
 [90m 2 |[39m 
[36mimport[39m { [3
3mTrophy[39m[33m,[3
9m [33mLock[39m[33m
,[39m 
[33mSparkles[39m } 
[36mfrom[39m [32m'l
ucide-react'[39m[33m
;[39m
 [90m 3 |[39m 
[36mimport[39m { [3
3mBadge[39m[33m,[39
m [33mUserStats[39m 
} [36mfrom[39m [32m
'@/lib/types'[39m[33
m;[39m
 [90m 4 |[39m 
[36mimport[39m { cn 
} [36mfrom[39m [32m
'@/lib/utils'[39m[33
m;[39m[0m



Import traces:
  Client Component 
Browser:
    ./components/achie
vements/AchievementsVi
ew.tsx [Client 
Component Browser]
    ./app/page.tsx 
[Client Component 
Browser]
    ./app/page.tsx 
[Server Component]

  Client Component 
SSR:
    ./components/achie
vements/AchievementsVi
ew.tsx [Client 
Component SSR]
    ./app/page.tsx 
[Client Component SSR]
    ./app/page.tsx 
[Server Component]

https://nextjs.org/doc
s/messages/module-not-
found


./components/calendar/
MonthlyCalendar.tsx:2:
1
Module not found: 
Can't resolve 
'framer-motion'
[0m [90m 1 |[39m 
[36mimport[39m { 
useState[33m,[39m 
useMemo } 
[36mfrom[39m [32m'r
eact'[39m[33m;[39m
[31m[1m>[22m[39m[
90m 2 |[39m 
[36mimport[39m { 
motion } 
[36mfrom[39m [32m'f
ramer-motion'[39m[33
m;[39m
 [90m   |[39m [31m
[1m^[22m[39m[31m[1
m^[22m[39m[31m[1m^
[22m[39m[31m[1m^[
22m[39m[31m[1m^[22
m[39m[31m[1m^[22m
[39m[31m[1m^[22m[3
9m[31m[1m^[22m[39m
[31m[1m^[22m[39m[
31m[1m^[22m[39m[31
m[1m^[22m[39m[31m
[1m^[22m[39m[31m[1
m^[22m[39m[31m[1m^
[22m[39m[31m[1m^[
22m[39m[31m[1m^[22
m[39m[31m[1m^[22m
[39m[31m[1m^[22m[3
9m[31m[1m^[22m[39m
[31m[1m^[22m[39m[
31m[1m^[22m[39m[31
m[1m^[22m[39m[31m
[1m^[22m[39m[31m[1
m^[22m[39m[31m[1m^
[22m[39m[31m[1m^[
22m[39m[31m[1m^[22
m[39m[31m[1m^[22m
[39m[31m[1m^[22m[3
9m[31m[1m^[22m[39m
[31m[1m^[22m[39m[
31m[1m^[22m[39m[31
m[1m^[22m[39m[31m
[1m^[22m[39m[31m[1
m^[22m[39m[31m[1m^
[22m[39m[31m[1m^[
22m[39m[31m[1m^[22
m[39m[31m[1m^[22m
[39m
 [90m 3 |[39m 
[36mimport[39m { 
format[33m,[39m star
tOfMonth[33m,[39m 
endOfMonth[33m,[39m 
eachDayOfInterval[33m
,[39m 
isSameDay[33m,[39m 
isToday[33m,[39m 
getDay } 
[36mfrom[39m [32m'd
ate-fns'[39m[33m;[3
9m
 [90m 4 |[39m 
[36mimport[39m { [3
3mChevronLeft[39m[33
m,[39m [33mChevronRi
ght[39m[33m,[39m [
33mPlus[39m[33m,[39
m [33mX[39m } 
[36mfrom[39m [32m'l
ucide-react'[39m[33m
;[39m
 [90m 5 |[39m 
[36mimport[39m { 
[33mHabit[39m } 
[36mfrom[39m [32m'@
/lib/types'[39m[33m;
[39m[0m



Import traces:
  Client Component 
Browser:
    ./components/calen
dar/MonthlyCalendar.ts
x [Client Component 
Browser]
    ./app/page.tsx 
[Client Component 
Browser]
    ./app/page.tsx 
[Server Component]

  Client Component 
SSR:
    ./components/calen
dar/MonthlyCalendar.ts
x [Client Component 
SSR]
    ./app/page.tsx 
[Client Component SSR]
    ./app/page.tsx 
[Server Component]

https://nextjs.org/doc
s/messages/module-not-
found


./components/dashboard
/DailyHabits.tsx:1:1
Module not found: 
Can't resolve 
'framer-motion'
[0m[31m[1m>[22m[3
9m[90m 1 |[39m 
[36mimport[39m { 
motion } 
[36mfrom[39m [32m'f
ramer-motion'[39m[33
m;[39m
 [90m   |[39m [31m
[1m^[22m[39m[31m[1
m^[22m[39m[31m[1m^
[22m[39m[31m[1m^[
22m[39m[31m[1m^[22
m[39m[31m[1m^[22m
[39m[31m[1m^[22m[3
9m[31m[1m^[22m[39m
[31m[1m^[22m[39m[
31m[1m^[22m[39m[31
m[1m^[22m[39m[31m
[1m^[22m[39m[31m[1
m^[22m[39m[31m[1m^
[22m[39m[31m[1m^[
22m[39m[31m[1m^[22
m[39m[31m[1m^[22m
[39m[31m[1m^[22m[3
9m[31m[1m^[22m[39m
[31m[1m^[22m[39m[
31m[1m^[22m[39m[31
m[1m^[22m[39m[31m
[1m^[22m[39m[31m[1
m^[22m[39m[31m[1m^
[22m[39m[31m[1m^[
22m[39m[31m[1m^[22
m[39m[31m[1m^[22m
[39m[31m[1m^[22m[3
9m[31m[1m^[22m[39m
[31m[1m^[22m[39m[
31m[1m^[22m[39m[31
m[1m^[22m[39m[31m
[1m^[22m[39m[31m[1
m^[22m[39m[31m[1m^
[22m[39m[31m[1m^[
22m[39m[31m[1m^[22
m[39m[31m[1m^[22m
[39m
 [90m 2 |[39m 
[36mimport[39m { 
format } 
[36mfrom[39m [32m'd
ate-fns'[39m[33m;[3
9m
 [90m 3 |[39m 
[36mimport[39m { 
[33mHabit[39m } 
[36mfrom[39m [32m'@
/lib/types'[39m[33m;
[39m
 [90m 4 |[39m 
[36mimport[39m { 
[33mHabitCheck[39m 
} [36mfrom[39m [32m
'./HabitCheck'[39m[3
3m;[39m[0m



Import traces:
  Client Component 
Browser:
    ./components/dashb
oard/DailyHabits.tsx 
[Client Component 
Browser]
    ./app/page.tsx 
[Client Component 
Browser]
    ./app/page.tsx 
[Server Component]

  Client Component 
SSR:
    ./components/dashb
oard/DailyHabits.tsx 
[Client Component SSR]
    ./app/page.tsx 
[Client Component SSR]
    ./app/page.tsx 
[Server Component]

https://nextjs.org/doc
s/messages/module-not-
found


./components/dashboard
/DailyTodos.tsx:2:1
Module not found: 
Can't resolve 
'framer-motion'
[0m [90m 1 |[39m 
[36mimport[39m { 
useState } 
[36mfrom[39m [32m'r
eact'[39m[33m;[39m
[31m[1m>[22m[39m[
90m 2 |[39m 
[36mimport[39m { 
motion[33m,[39m [33
mAnimatePresence[39m 
} [36mfrom[39m [32m
'framer-motion'[39m[
33m;[39m
 [90m   |[39m [31m
[1m^[22m[39m[31m[1
m^[22m[39m[31m[1m^
[22m[39m[31m[1m^[
22m[39m[31m[1m^[22
m[39m[31m[1m^[22m
[39m[31m[1m^[22m[3
9m[31m[1m^[22m[39m
[31m[1m^[22m[39m[
31m[1m^[22m[39m[31
m[1m^[22m[39m[31m
[1m^[22m[39m[31m[1
m^[22m[39m[31m[1m^
[22m[39m[31m[1m^[
22m[39m[31m[1m^[22
m[39m[31m[1m^[22m
[39m[31m[1m^[22m[3
9m[31m[1m^[22m[39m
[31m[1m^[22m[39m[
31m[1m^[22m[39m[31
m[1m^[22m[39m[31m
[1m^[22m[39m[31m[1
m^[22m[39m[31m[1m^
[22m[39m[31m[1m^[
22m[39m[31m[1m^[22
m[39m[31m[1m^[22m
[39m[31m[1m^[22m[3
9m[31m[1m^[22m[39m
[31m[1m^[22m[39m[
31m[1m^[22m[39m[31
m[1m^[22m[39m[31m
[1m^[22m[39m[31m[1
m^[22m[39m[31m[1m^
[22m[39m[31m[1m^[
22m[39m[31m[1m^[22
m[39m[31m[1m^[22m
[39m[31m[1m^[22m[3
9m[31m[1m^[22m[39m
[31m[1m^[22m[39m[
31m[1m^[22m[39m[31
m[1m^[22m[39m[31m
[1m^[22m[39m[31m[1
m^[22m[39m[31m[1m^
[22m[39m[31m[1m^[
22m[39m[31m[1m^[22
m[39m[31m[1m^[22m
[39m[31m[1m^[22m[3
9m[31m[1m^[22m[39m
[31m[1m^[22m[39m[
31m[1m^[22m[39m[31
m[1m^[22m[39m[31m
[1m^[22m[39m
 [90m 3 |[39m 
[36mimport[39m { [3
3mPlus[39m[33m,[39m
 [33mX[39m } 
[36mfrom[39m [32m'l
ucide-react'[39m[33m
;[39m
 [90m 4 |[39m 
[36mimport[39m { 
format } 
[36mfrom[39m [32m'd
ate-fns'[39m[33m;[3
9m
 [90m 5 |[39m 
[36mimport[39m { 
[33mTodoItem[39m } 
[36mfrom[39m [32m'@
/lib/types'[39m[33m;
[39m[0m



Import traces:
  Client Component 
Browser:
    ./components/dashb
oard/DailyTodos.tsx 
[Client Component 
Browser]
    ./app/page.tsx 
[Client Component 
Browser]
    ./app/page.tsx 
[Server Component]

  Client Component 
SSR:
    ./components/dashb
oard/DailyTodos.tsx 
[Client Component SSR]
    ./app/page.tsx 
[Client Component SSR]
    ./app/page.tsx 
[Server Component]

https://nextjs.org/doc
s/messages/module-not-
found


./components/dashboard
/HabitCheck.tsx:1:1
Module not found: 
Can't resolve 
'framer-motion'
[0m[31m[1m>[22m[3
9m[90m 1 |[39m 
[36mimport[39m { 
motion[33m,[39m [33
mAnimatePresence[39m 
} [36mfrom[39m [32m
'framer-motion'[39m[
33m;[39m
 [90m   |[39m [31m
[1m^[22m[39m[31m[1
m^[22m[39m[31m[1m^
[22m[39m[31m[1m^[
22m[39m[31m[1m^[22
m[39m[31m[1m^[22m
[39m[31m[1m^[22m[3
9m[31m[1m^[22m[39m
[31m[1m^[22m[39m[
31m[1m^[22m[39m[31
m[1m^[22m[39m[31m
[1m^[22m[39m[31m[1
m^[22m[39m[31m[1m^
[22m[39m[31m[1m^[
22m[39m[31m[1m^[22
m[39m[31m[1m^[22m
[39m[31m[1m^[22m[3
9m[31m[1m^[22m[39m
[31m[1m^[22m[39m[
31m[1m^[22m[39m[31
m[1m^[22m[39m[31m
[1m^[22m[39m[31m[1
m^[22m[39m[31m[1m^
[22m[39m[31m[1m^[
22m[39m[31m[1m^[22
m[39m[31m[1m^[22m
[39m[31m[1m^[22m[3
9m[31m[1m^[22m[39m
[31m[1m^[22m[39m[
31m[1m^[22m[39m[31
m[1m^[22m[39m[31m
[1m^[22m[39m[31m[1
m^[22m[39m[31m[1m^
[22m[39m[31m[1m^[
22m[39m[31m[1m^[22
m[39m[31m[1m^[22m
[39m[31m[1m^[22m[3
9m[31m[1m^[22m[39m
[31m[1m^[22m[39m[
31m[1m^[22m[39m[31
m[1m^[22m[39m[31m
[1m^[22m[39m[31m[1
m^[22m[39m[31m[1m^
[22m[39m[31m[1m^[
22m[39m[31m[1m^[22
m[39m[31m[1m^[22m
[39m[31m[1m^[22m[3
9m[31m[1m^[22m[39m
[31m[1m^[22m[39m[
31m[1m^[22m[39m[31
m[1m^[22m[39m[31m
[1m^[22m[39m
 [90m 2 |[39m 
[36mimport[39m { 
[33mCheck[39m } 
[36mfrom[39m [32m'l
ucide-react'[39m[33m
;[39m
 [90m 3 |[39m 
[36mimport[39m { cn 
} [36mfrom[39m [32m
'@/lib/utils'[39m[33
m;[39m
 [90m 4 |[39m[0m



Import traces:
  Client Component 
Browser:
    ./components/dashb
oard/HabitCheck.tsx 
[Client Component 
Browser]
    ./components/goals
/GoalsView.tsx 
[Client Component 
Browser]
    ./app/page.tsx 
[Client Component 
Browser]
    ./app/page.tsx 
[Server Component]

  Client Component 
SSR:
    ./components/dashb
oard/HabitCheck.tsx 
[Client Component SSR]
    ./components/goals
/GoalsView.tsx 
[Client Component SSR]
    ./app/page.tsx 
[Client Component SSR]
    ./app/page.tsx 
[Server Component]

https://nextjs.org/doc
s/messages/module-not-
found


./components/dashboard
/JournalWidget.tsx:2:1
Module not found: 
Can't resolve 
'framer-motion'
[0m [90m 1 |[39m 
[36mimport[39m { 
useState[33m,[39m 
useEffect } 
[36mfrom[39m [32m'r
eact'[39m[33m;[39m
[31m[1m>[22m[39m[
90m 2 |[39m 
[36mimport[39m { 
motion } 
[36mfrom[39m [32m'f
ramer-motion'[39m[33
m;[39m
 [90m   |[39m [31m
[1m^[22m[39m[31m[1
m^[22m[39m[31m[1m^
[22m[39m[31m[1m^[
22m[39m[31m[1m^[22
m[39m[31m[1m^[22m
[39m[31m[1m^[22m[3
9m[31m[1m^[22m[39m
[31m[1m^[22m[39m[
31m[1m^[22m[39m[31
m[1m^[22m[39m[31m
[1m^[22m[39m[31m[1
m^[22m[39m[31m[1m^
[22m[39m[31m[1m^[
22m[39m[31m[1m^[22
m[39m[31m[1m^[22m
[39m[31m[1m^[22m[3
9m[31m[1m^[22m[39m
[31m[1m^[22m[39m[
31m[1m^[22m[39m[31
m[1m^[22m[39m[31m
[1m^[22m[39m[31m[1
m^[22m[39m[31m[1m^
[22m[39m[31m[1m^[
22m[39m[31m[1m^[22
m[39m[31m[1m^[22m
[39m[31m[1m^[22m[3
9m[31m[1m^[22m[39m
[31m[1m^[22m[39m[
31m[1m^[22m[39m[31
m[1m^[22m[39m[31m
[1m^[22m[39m[31m[1
m^[22m[39m[31m[1m^
[22m[39m[31m[1m^[
22m[39m[31m[1m^[22
m[39m[31m[1m^[22m
[39m
 [90m 3 |[39m 
[36mimport[39m { 
format } 
[36mfrom[39m [32m'd
ate-fns'[39m[33m;[3
9m
 [90m 4 |[39m 
[36mimport[39m { [3
3mJournalEntry[39m } 
[36mfrom[39m [32m'@
/lib/types'[39m[33m;
[39m
 [90m 5 |[39m 
[36mimport[39m { 
[33mTextarea[39m } 
[36mfrom[39m [32m'@
/components/ui/textare
a'[39m[33m;[39m[0m



Import traces:
  Client Component 
Browser:
    ./components/dashb
oard/JournalWidget.tsx
 [Client Component 
Browser]
    ./app/page.tsx 
[Client Component 
Browser]
    ./app/page.tsx 
[Server Component]

  Client Component 
SSR:
    ./components/dashb
oard/JournalWidget.tsx
 [Client Component 
SSR]
    ./app/page.tsx 
[Client Component SSR]
    ./app/page.tsx 
[Server Component]

https://nextjs.org/doc
s/messages/module-not-
found


./components/dashboard
/ProgressRing.tsx:1:1
Module not found: 
Can't resolve 
'framer-motion'
[0m[31m[1m>[22m[3
9m[90m 1 |[39m 
[36mimport[39m { 
motion } 
[36mfrom[39m [32m'f
ramer-motion'[39m[33
m;[39m
 [90m   |[39m [31m
[1m^[22m[39m[31m[1
m^[22m[39m[31m[1m^
[22m[39m[31m[1m^[
22m[39m[31m[1m^[22
m[39m[31m[1m^[22m
[39m[31m[1m^[22m[3
9m[31m[1m^[22m[39m
[31m[1m^[22m[39m[
31m[1m^[22m[39m[31
m[1m^[22m[39m[31m
[1m^[22m[39m[31m[1
m^[22m[39m[31m[1m^
[22m[39m[31m[1m^[
22m[39m[31m[1m^[22
m[39m[31m[1m^[22m
[39m[31m[1m^[22m[3
9m[31m[1m^[22m[39m
[31m[1m^[22m[39m[
31m[1m^[22m[39m[31
m[1m^[22m[39m[31m
[1m^[22m[39m[31m[1
m^[22m[39m[31m[1m^
[22m[39m[31m[1m^[
22m[39m[31m[1m^[22
m[39m[31m[1m^[22m
[39m[31m[1m^[22m[3
9m[31m[1m^[22m[39m
[31m[1m^[22m[39m[
31m[1m^[22m[39m[31
m[1m^[22m[39m[31m
[1m^[22m[39m[31m[1
m^[22m[39m[31m[1m^
[22m[39m[31m[1m^[
22m[39m[31m[1m^[22
m[39m[31m[1m^[22m
[39m
 [90m 2 |[39m
 [90m 3 |[39m 
[36minterface[39m [
33mProgressRingProps[
39m {
 [90m 4 |[39m   
progress[33m:[39m 
number[33m;[39m[0m



Import traces:
  Client Component 
Browser:
    ./components/dashb
oard/ProgressRing.tsx 
[Client Component 
Browser]
    ./app/page.tsx 
[Client Component 
Browser]
    ./app/page.tsx 
[Server Component]

  Client Component 
SSR:
    ./components/dashb
oard/ProgressRing.tsx 
[Client Component SSR]
    ./app/page.tsx 
[Client Component SSR]
    ./app/page.tsx 
[Server Component]

https://nextjs.org/doc
s/messages/module-not-
found


./components/dashboard
/StatsCard.tsx:1:1
Module not found: 
Can't resolve 
'framer-motion'
[0m[31m[1m>[22m[3
9m[90m 1 |[39m 
[36mimport[39m { 
motion } 
[36mfrom[39m [32m'f
ramer-motion'[39m[33
m;[39m
 [90m   |[39m [31m
[1m^[22m[39m[31m[1
m^[22m[39m[31m[1m^
[22m[39m[31m[1m^[
22m[39m[31m[1m^[22
m[39m[31m[1m^[22m
[39m[31m[1m^[22m[3
9m[31m[1m^[22m[39m
[31m[1m^[22m[39m[
31m[1m^[22m[39m[31
m[1m^[22m[39m[31m
[1m^[22m[39m[31m[1
m^[22m[39m[31m[1m^
[22m[39m[31m[1m^[
22m[39m[31m[1m^[22
m[39m[31m[1m^[22m
[39m[31m[1m^[22m[3
9m[31m[1m^[22m[39m
[31m[1m^[22m[39m[
31m[1m^[22m[39m[31
m[1m^[22m[39m[31m
[1m^[22m[39m[31m[1
m^[22m[39m[31m[1m^
[22m[39m[31m[1m^[
22m[39m[31m[1m^[22
m[39m[31m[1m^[22m
[39m[31m[1m^[22m[3
9m[31m[1m^[22m[39m
[31m[1m^[22m[39m[
31m[1m^[22m[39m[31
m[1m^[22m[39m[31m
[1m^[22m[39m[31m[1
m^[22m[39m[31m[1m^
[22m[39m[31m[1m^[
22m[39m[31m[1m^[22
m[39m[31m[1m^[22m
[39m
 [90m 2 |[39m 
[36mimport[39m { 
[33mLucideIcon[39m 
} [36mfrom[39m [32m
'lucide-react'[39m[3
3m;[39m
 [90m 3 |[39m 
[36mimport[39m { cn 
} [36mfrom[39m [32m
'@/lib/utils'[39m[33
m;[39m
 [90m 4 |[39m[0m



Import traces:
  Client Component 
Browser:
    ./components/dashb
oard/StatsCard.tsx 
[Client Component 
Browser]
    ./app/page.tsx 
[Client Component 
Browser]
    ./app/page.tsx 
[Server Component]

  Client Component 
SSR:
    ./components/dashb
oard/StatsCard.tsx 
[Client Component SSR]
    ./app/page.tsx 
[Client Component SSR]
    ./app/page.tsx 
[Server Component]

https://nextjs.org/doc
s/messages/module-not-
found


./components/goals/Goa
lsView.tsx:2:1
Module not found: 
Can't resolve 
'framer-motion'
[0m [90m 1 |[39m 
[36mimport[39m { 
useState } 
[36mfrom[39m [32m'r
eact'[39m[33m;[39m
[31m[1m>[22m[39m[
90m 2 |[39m 
[36mimport[39m { 
motion[33m,[39m [33
mAnimatePresence[39m 
} [36mfrom[39m [32m
'framer-motion'[39m[
33m;[39m
 [90m   |[39m [31m
[1m^[22m[39m[31m[1
m^[22m[39m[31m[1m^
[22m[39m[31m[1m^[
22m[39m[31m[1m^[22
m[39m[31m[1m^[22m
[39m[31m[1m^[22m[3
9m[31m[1m^[22m[39m
[31m[1m^[22m[39m[
31m[1m^[22m[39m[31
m[1m^[22m[39m[31m
[1m^[22m[39m[31m[1
m^[22m[39m[31m[1m^
[22m[39m[31m[1m^[
22m[39m[31m[1m^[22
m[39m[31m[1m^[22m
[39m[31m[1m^[22m[3
9m[31m[1m^[22m[39m
[31m[1m^[22m[39m[
31m[1m^[22m[39m[31
m[1m^[22m[39m[31m
[1m^[22m[39m[31m[1
m^[22m[39m[31m[1m^
[22m[39m[31m[1m^[
22m[39m[31m[1m^[22
m[39m[31m[1m^[22m
[39m[31m[1m^[22m[3
9m[31m[1m^[22m[39m
[31m[1m^[22m[39m[
31m[1m^[22m[39m[31
m[1m^[22m[39m[31m
[1m^[22m[39m[31m[1
m^[22m[39m[31m[1m^
[22m[39m[31m[1m^[
22m[39m[31m[1m^[22
m[39m[31m[1m^[22m
[39m[31m[1m^[22m[3
9m[31m[1m^[22m[39m
[31m[1m^[22m[39m[
31m[1m^[22m[39m[31
m[1m^[22m[39m[31m
[1m^[22m[39m[31m[1
m^[22m[39m[31m[1m^
[22m[39m[31m[1m^[
22m[39m[31m[1m^[22
m[39m[31m[1m^[22m
[39m[31m[1m^[22m[3
9m[31m[1m^[22m[39m
[31m[1m^[22m[39m[
31m[1m^[22m[39m[31
m[1m^[22m[39m[31m
[1m^[22m[39m
 [90m 3 |[39m 
[36mimport[39m { [3
3mTarget[39m[33m,[3
9m [33mPlus[39m[33m
,[39m [33mX[39m[33
m,[39m [33mChevronDo
wn[39m[33m,[39m [3
3mChevronUp[39m[33m,
[39m [33mCalendar[3
9m[33m,[39m 
[33mAward[39m } 
[36mfrom[39m [32m'l
ucide-react'[39m[33m
;[39m
 [90m 4 |[39m 
[36mimport[39m { [3
3mGoal[39m[33m,[39m
 [33mChecklistItem[3
9m } [36mfrom[39m [
32m'@/lib/types'[39m
[33m;[39m
 [90m 5 |[39m 
[36mimport[39m { 
[33mHabitCheck[39m 
} [36mfrom[39m [32m
'@/components/dashboar
d/HabitCheck'[39m[33
m;[39m[0m



Import traces:
  Client Component 
Browser:
    ./components/goals
/GoalsView.tsx 
[Client Component 
Browser]
    ./app/page.tsx 
[Client Component 
Browser]
    ./app/page.tsx 
[Server Component]

  Client Component 
SSR:
    ./components/goals
/GoalsView.tsx 
[Client Component SSR]
    ./app/page.tsx 
[Client Component SSR]
    ./app/page.tsx 
[Server Component]

https://nextjs.org/doc
s/messages/module-not-
found


./components/journal/J
ournalView.tsx:2:1
Module not found: 
Can't resolve 
'framer-motion'
[0m [90m 1 |[39m 
[36mimport[39m { 
useState } 
[36mfrom[39m [32m'r
eact'[39m[33m;[39m
[31m[1m>[22m[39m[
90m 2 |[39m 
[36mimport[39m { 
motion } 
[36mfrom[39m [32m'f
ramer-motion'[39m[33
m;[39m
 [90m   |[39m [31m
[1m^[22m[39m[31m[1
m^[22m[39m[31m[1m^
[22m[39m[31m[1m^[
22m[39m[31m[1m^[22
m[39m[31m[1m^[22m
[39m[31m[1m^[22m[3
9m[31m[1m^[22m[39m
[31m[1m^[22m[39m[
31m[1m^[22m[39m[31
m[1m^[22m[39m[31m
[1m^[22m[39m[31m[1
m^[22m[39m[31m[1m^
[22m[39m[31m[1m^[
22m[39m[31m[1m^[22
m[39m[31m[1m^[22m
[39m[31m[1m^[22m[3
9m[31m[1m^[22m[39m
[31m[1m^[22m[39m[
31m[1m^[22m[39m[31
m[1m^[22m[39m[31m
[1m^[22m[39m[31m[1
m^[22m[39m[31m[1m^
[22m[39m[31m[1m^[
22m[39m[31m[1m^[22
m[39m[31m[1m^[22m
[39m[31m[1m^[22m[3
9m[31m[1m^[22m[39m
[31m[1m^[22m[39m[
31m[1m^[22m[39m[31
m[1m^[22m[39m[31m
[1m^[22m[39m[31m[1
m^[22m[39m[31m[1m^
[22m[39m[31m[1m^[
22m[39m[31m[1m^[22
m[39m[31m[1m^[22m
[39m
 [90m 3 |[39m 
[36mimport[39m { 
format[33m,[39m 
subDays[33m,[39m 
isSameDay } 
[36mfrom[39m [32m'd
ate-fns'[39m[33m;[3
9m
 [90m 4 |[39m 
[36mimport[39m { [3
3mChevronLeft[39m[33
m,[39m [33mChevronRi
ght[39m[33m,[39m 
[33mBookOpen[39m } 
[36mfrom[39m [32m'l
ucide-react'[39m[33m
;[39m
 [90m 5 |[39m 
[36mimport[39m { [3
3mJournalEntry[39m } 
[36mfrom[39m [32m'@
/lib/types'[39m[33m;
[39m[0m



Import traces:
  Client Component 
Browser:
    ./components/journ
al/JournalView.tsx 
[Client Component 
Browser]
    ./app/page.tsx 
[Client Component 
Browser]
    ./app/page.tsx 
[Server Component]

  Client Component 
SSR:
    ./components/journ
al/JournalView.tsx 
[Client Component SSR]
    ./app/page.tsx 
[Client Component SSR]
    ./app/page.tsx 
[Server Component]

https://nextjs.org/doc
s/messages/module-not-
found


./components/layout/Si
debar.tsx:2:1
Module not found: 
Can't resolve 
'framer-motion'
[0m [90m 1 |[39m 
[36mimport[39m { 
useState } 
[36mfrom[39m [32m'r
eact'[39m[33m;[39m
[31m[1m>[22m[39m[
90m 2 |[39m 
[36mimport[39m { 
motion } 
[36mfrom[39m [32m'f
ramer-motion'[39m[33
m;[39m
 [90m   |[39m [31m
[1m^[22m[39m[31m[1
m^[22m[39m[31m[1m^
[22m[39m[31m[1m^[
22m[39m[31m[1m^[22
m[39m[31m[1m^[22m
[39m[31m[1m^[22m[3
9m[31m[1m^[22m[39m
[31m[1m^[22m[39m[
31m[1m^[22m[39m[31
m[1m^[22m[39m[31m
[1m^[22m[39m[31m[1
m^[22m[39m[31m[1m^
[22m[39m[31m[1m^[
22m[39m[31m[1m^[22
m[39m[31m[1m^[22m
[39m[31m[1m^[22m[3
9m[31m[1m^[22m[39m
[31m[1m^[22m[39m[
31m[1m^[22m[39m[31
m[1m^[22m[39m[31m
[1m^[22m[39m[31m[1
m^[22m[39m[31m[1m^
[22m[39m[31m[1m^[
22m[39m[31m[1m^[22
m[39m[31m[1m^[22m
[39m[31m[1m^[22m[3
9m[31m[1m^[22m[39m
[31m[1m^[22m[39m[
31m[1m^[22m[39m[31
m[1m^[22m[39m[31m
[1m^[22m[39m[31m[1
m^[22m[39m[31m[1m^
[22m[39m[31m[1m^[
22m[39m[31m[1m^[22
m[39m[31m[1m^[22m
[39m
 [90m 3 |[39m 
[36mimport[39m { 
 [90m 4 |[39m   [33
mLayoutDashboard[39m
[33m,[39m 
 [90m 5 |[39m   [33
mCalendar[39m[33m,[
39m [0m



Import traces:
  Client Component 
Browser:
    ./components/layou
t/Sidebar.tsx [Client 
Component Browser]
    ./app/page.tsx 
[Client Component 
Browser]
    ./app/page.tsx 
[Server Component]

  Client Component 
SSR:
    ./components/layou
t/Sidebar.tsx [Client 
Component SSR]
    ./app/page.tsx 
[Client Component SSR]
    ./app/page.tsx 
[Server Component]

https://nextjs.org/doc
s/messages/module-not-
found


./app/page.tsx:6:1
Module not found: 
Can't resolve 
'lucide-react'
[0m [90m 4 |[39m 
[36mimport[39m { 
format } 
[36mfrom[39m [32m'd
ate-fns'[39m[33m;[3
9m
 [90m 5 |[39m 
[36mimport[39m { 
motion } 
[36mfrom[39m [32m'f
ramer-motion'[39m[33
m;[39m
[31m[1m>[22m[39m[
90m 6 |[39m 
[36mimport[39m { [3
3mFlame[39m[33m,[39
m [33mTarget[39m[33
m,[39m [33mBookOpen
[39m[33m,[39m [33mT
rophy[39m[33m,[39m 
[33mChevronLeft[39m
[33m,[39m [33mChevro
nRight[39m } 
[36mfrom[39m [32m'l
ucide-react'[39m[33m
;[39m
 [90m   |[39m [31m
[1m^[22m[39m[31m[1
m^[22m[39m[31m[1m^
[22m[39m[31m[1m^[
22m[39m[31m[1m^[22
m[39m[31m[1m^[22m
[39m[31m[1m^[22m[3
9m[31m[1m^[22m[39m
[31m[1m^[22m[39m[
31m[1m^[22m[39m[31
m[1m^[22m[39m[31m
[1m^[22m[39m[31m[1
m^[22m[39m[31m[1m^
[22m[39m[31m[1m^[
22m[39m[31m[1m^[22
m[39m[31m[1m^[22m
[39m[31m[1m^[22m[3
9m[31m[1m^[22m[39m
[31m[1m^[22m[39m[
31m[1m^[22m[39m[31
m[1m^[22m[39m[31m
[1m^[22m[39m[31m[1
m^[22m[39m[31m[1m^
[22m[39m[31m[1m^[
22m[39m[31m[1m^[22
m[39m[31m[1m^[22m
[39m[31m[1m^[22m[3
9m[31m[1m^[22m[39m
[31m[1m^[22m[39m[
31m[1m^[22m[39m[31
m[1m^[22m[39m[31m
[1m^[22m[39m[31m[1
m^[22m[39m[31m[1m^
[22m[39m[31m[1m^[
22m[39m[31m[1m^[22
m[39m[31m[1m^[22m
[39m[31m[1m^[22m[3
9m[31m[1m^[22m[39m
[31m[1m^[22m[39m[
31m[1m^[22m[39m[31
m[1m^[22m[39m[31m
[1m^[22m[39m[31m[1
m^[22m[39m[31m[1m^
[22m[39m[31m[1m^[
22m[39m[31m[1m^[22
m[39m[31m[1m^[22m
[39m[31m[1m^[22m[3
9m[31m[1m^[22m[39m
[31m[1m^[22m[39m[
31m[1m^[22m[39m[31
m[1m^[22m[39m[31m
[1m^[22m[39m[31m[1
m^[22m[39m[31m[1m^
[22m[39m[31m[1m^[
22m[39m[31m[1m^[22
m[39m[31m[1m^[22m
[39m[31m[1m^[22m[3
9m[31m[1m^[22m[39m
[31m[1m^[22m[39m[
31m[1m^[22m[39m[31
m[1m^[22m[39m[31m
[1m^[22m[39m[31m[1
m^[22m[39m[31m[1m^
[22m[39m[31m[1m^[
22m[39m[31m[1m^[22
m[39m[31m[1m^[22m
[39m[31m[1m^[22m[3
9m[31m[1m^[22m[39m
[31m[1m^[22m[39m[
31m[1m^[22m[39m[31
m[1m^[22m[39m[31m
[1m^[22m[39m[31m[1
m^[22m[39m[31m[1m^
[22m[39m[31m[1m^[
22m[39m[31m[1m^[22
m[39m[31m[1m^[22m
[39m[31m[1m^[22m[3
9m[31m[1m^[22m[39m
[31m[1m^[22m[39m[
31m[1m^[22m[39m[31
m[1m^[22m[39m[31m
[1m^[22m[39m[31m[1
m^[22m[39m
 [90m 7 |[39m
 [90m 8 |[39m 
[36mimport[39m { 
[33mSidebar[39m } 
[36mfrom[39m [32m'@
/components/layout/Sid
ebar'[39m[33m;[39m
 [90m 9 |[39m 
[36mimport[39m { 
[33mStatsCard[39m } 
[36mfrom[39m [32m'@
/components/dashboard/
StatsCard'[39m[33m;
[39m[0m



Import traces:
  Client Component 
Browser:
    ./app/page.tsx 
[Client Component 
Browser]
    ./app/page.tsx 
[Server Component]

  Client Component 
SSR:
    ./app/page.tsx 
[Client Component SSR]
    ./app/page.tsx 
[Server Component]

https://nextjs.org/doc
s/messages/module-not-
found


./components/achieveme
nts/AchievementsView.t
sx:2:1
Module not found: 
Can't resolve 
'lucide-react'
[0m [90m 1 |[39m 
[36mimport[39m { 
motion } 
[36mfrom[39m [32m'f
ramer-motion'[39m[33
m;[39m
[31m[1m>[22m[39m[
90m 2 |[39m 
[36mimport[39m { [3
3mTrophy[39m[33m,[3
9m [33mLock[39m[33m
,[39m 
[33mSparkles[39m } 
[36mfrom[39m [32m'l
ucide-react'[39m[33m
;[39m
 [90m   |[39m [31m
[1m^[22m[39m[31m[1
m^[22m[39m[31m[1m^
[22m[39m[31m[1m^[
22m[39m[31m[1m^[22
m[39m[31m[1m^[22m
[39m[31m[1m^[22m[3
9m[31m[1m^[22m[39m
[31m[1m^[22m[39m[
31m[1m^[22m[39m[31
m[1m^[22m[39m[31m
[1m^[22m[39m[31m[1
m^[22m[39m[31m[1m^
[22m[39m[31m[1m^[
22m[39m[31m[1m^[22
m[39m[31m[1m^[22m
[39m[31m[1m^[22m[3
9m[31m[1m^[22m[39m
[31m[1m^[22m[39m[
31m[1m^[22m[39m[31
m[1m^[22m[39m[31m
[1m^[22m[39m[31m[1
m^[22m[39m[31m[1m^
[22m[39m[31m[1m^[
22m[39m[31m[1m^[22
m[39m[31m[1m^[22m
[39m[31m[1m^[22m[3
9m[31m[1m^[22m[39m
[31m[1m^[22m[39m[
31m[1m^[22m[39m[31
m[1m^[22m[39m[31m
[1m^[22m[39m[31m[1
m^[22m[39m[31m[1m^
[22m[39m[31m[1m^[
22m[39m[31m[1m^[22
m[39m[31m[1m^[22m
[39m[31m[1m^[22m[3
9m[31m[1m^[22m[39m
[31m[1m^[22m[39m[
31m[1m^[22m[39m[31
m[1m^[22m[39m[31m
[1m^[22m[39m[31m[1
m^[22m[39m[31m[1m^
[22m[39m[31m[1m^[
22m[39m[31m[1m^[22
m[39m[31m[1m^[22m
[39m[31m[1m^[22m[3
9m[31m[1m^[22m[39m
[31m[1m^[22m[39m[
31m[1m^[22m[39m
 [90m 3 |[39m 
[36mimport[39m { [3
3mBadge[39m[33m,[39
m [33mUserStats[39m 
} [36mfrom[39m [32m
'@/lib/types'[39m[33
m;[39m
 [90m 4 |[39m 
[36mimport[39m { cn 
} [36mfrom[39m [32m
'@/lib/utils'[39m[33
m;[39m
 [90m 5 |[39m[0m



Import traces:
  Client Component 
Browser:
    ./components/achie
vements/AchievementsVi
ew.tsx [Client 
Component Browser]
    ./app/page.tsx 
[Client Component 
Browser]
    ./app/page.tsx 
[Server Component]

  Client Component 
SSR:
    ./components/achie
vements/AchievementsVi
ew.tsx [Client 
Component SSR]
    ./app/page.tsx 
[Client Component SSR]
    ./app/page.tsx 
[Server Component]

https://nextjs.org/doc
s/messages/module-not-
found


./components/calendar/
MonthlyCalendar.tsx:4:
1
Module not found: 
Can't resolve 
'lucide-react'
[0m [90m 2 |[39m 
[36mimport[39m { 
motion } 
[36mfrom[39m [32m'f
ramer-motion'[39m[33
m;[39m
 [90m 3 |[39m 
[36mimport[39m { 
format[33m,[39m star
tOfMonth[33m,[39m 
endOfMonth[33m,[39m 
eachDayOfInterval[33m
,[39m 
isSameDay[33m,[39m 
isToday[33m,[39m 
getDay } 
[36mfrom[39m [32m'd
ate-fns'[39m[33m;[3
9m
[31m[1m>[22m[39m[
90m 4 |[39m 
[36mimport[39m { [3
3mChevronLeft[39m[33
m,[39m [33mChevronRi
ght[39m[33m,[39m [
33mPlus[39m[33m,[39
m [33mX[39m } 
[36mfrom[39m [32m'l
ucide-react'[39m[33m
;[39m
 [90m   |[39m [31m
[1m^[22m[39m[31m[1
m^[22m[39m[31m[1m^
[22m[39m[31m[1m^[
22m[39m[31m[1m^[22
m[39m[31m[1m^[22m
[39m[31m[1m^[22m[3
9m[31m[1m^[22m[39m
[31m[1m^[22m[39m[
31m[1m^[22m[39m[31
m[1m^[22m[39m[31m
[1m^[22m[39m[31m[1
m^[22m[39m[31m[1m^
[22m[39m[31m[1m^[
22m[39m[31m[1m^[22
m[39m[31m[1m^[22m
[39m[31m[1m^[22m[3
9m[31m[1m^[22m[39m
[31m[1m^[22m[39m[
31m[1m^[22m[39m[31
m[1m^[22m[39m[31m
[1m^[22m[39m[31m[1
m^[22m[39m[31m[1m^
[22m[39m[31m[1m^[
22m[39m[31m[1m^[22
m[39m[31m[1m^[22m
[39m[31m[1m^[22m[3
9m[31m[1m^[22m[39m
[31m[1m^[22m[39m[
31m[1m^[22m[39m[31
m[1m^[22m[39m[31m
[1m^[22m[39m[31m[1
m^[22m[39m[31m[1m^
[22m[39m[31m[1m^[
22m[39m[31m[1m^[22
m[39m[31m[1m^[22m
[39m[31m[1m^[22m[3
9m[31m[1m^[22m[39m
[31m[1m^[22m[39m[
31m[1m^[22m[39m[31
m[1m^[22m[39m[31m
[1m^[22m[39m[31m[1
m^[22m[39m[31m[1m^
[22m[39m[31m[1m^[
22m[39m[31m[1m^[22
m[39m[31m[1m^[22m
[39m[31m[1m^[22m[3
9m[31m[1m^[22m[39m
[31m[1m^[22m[39m[
31m[1m^[22m[39m[31
m[1m^[22m[39m[31m
[1m^[22m[39m[31m[1
m^[22m[39m[31m[1m^
[22m[39m[31m[1m^[
22m[39m[31m[1m^[22
m[39m[31m[1m^[22m
[39m[31m[1m^[22m[3
9m[31m[1m^[22m[39m
[31m[1m^[22m[39m[
31m[1m^[22m[39m[31
m[1m^[22m[39m
 [90m 5 |[39m 
[36mimport[39m { 
[33mHabit[39m } 
[36mfrom[39m [32m'@
/lib/types'[39m[33m;
[39m
 [90m 6 |[39m 
[36mimport[39m { 
[33mHabitCheck[39m 
} [36mfrom[39m [32m
'@/components/dashboar
d/HabitCheck'[39m[33
m;[39m
 [90m 7 |[39m 
[36mimport[39m { 
[33mButton[39m } 
[36mfrom[39m [32m'@
/components/ui/button'
[39m[33m;[39m[0m



Import traces:
  Client Component 
Browser:
    ./components/calen
dar/MonthlyCalendar.ts
x [Client Component 
Browser]
    ./app/page.tsx 
[Client Component 
Browser]
    ./app/page.tsx 
[Server Component]

  Client Component 
SSR:
    ./components/calen
dar/MonthlyCalendar.ts
x [Client Component 
SSR]
    ./app/page.tsx 
[Client Component SSR]
    ./app/page.tsx 
[Server Component]

https://nextjs.org/doc
s/messages/module-not-
found


./components/dashboard
/DailyTodos.tsx:3:1
Module not found: 
Can't resolve 
'lucide-react'
[0m [90m 1 |[39m 
[36mimport[39m { 
useState } 
[36mfrom[39m [32m'r
eact'[39m[33m;[39m
 [90m 2 |[39m 
[36mimport[39m { 
motion[33m,[39m [33
mAnimatePresence[39m 
} [36mfrom[39m [32m
'framer-motion'[39m[
33m;[39m
[31m[1m>[22m[39m[
90m 3 |[39m 
[36mimport[39m { [3
3mPlus[39m[33m,[39m
 [33mX[39m } 
[36mfrom[39m [32m'l
ucide-react'[39m[33m
;[39m
 [90m   |[39m [31m
[1m^[22m[39m[31m[1
m^[22m[39m[31m[1m^
[22m[39m[31m[1m^[
22m[39m[31m[1m^[22
m[39m[31m[1m^[22m
[39m[31m[1m^[22m[3
9m[31m[1m^[22m[39m
[31m[1m^[22m[39m[
31m[1m^[22m[39m[31
m[1m^[22m[39m[31m
[1m^[22m[39m[31m[1
m^[22m[39m[31m[1m^
[22m[39m[31m[1m^[
22m[39m[31m[1m^[22
m[39m[31m[1m^[22m
[39m[31m[1m^[22m[3
9m[31m[1m^[22m[39m
[31m[1m^[22m[39m[
31m[1m^[22m[39m[31
m[1m^[22m[39m[31m
[1m^[22m[39m[31m[1
m^[22m[39m[31m[1m^
[22m[39m[31m[1m^[
22m[39m[31m[1m^[22
m[39m[31m[1m^[22m
[39m[31m[1m^[22m[3
9m[31m[1m^[22m[39m
[31m[1m^[22m[39m[
31m[1m^[22m[39m[31
m[1m^[22m[39m[31m
[1m^[22m[39m[31m[1
m^[22m[39m[31m[1m^
[22m[39m[31m[1m^[
22m[39m[31m[1m^[22
m[39m[31m[1m^[22m
[39m
 [90m 4 |[39m 
[36mimport[39m { 
format } 
[36mfrom[39m [32m'd
ate-fns'[39m[33m;[3
9m
 [90m 5 |[39m 
[36mimport[39m { 
[33mTodoItem[39m } 
[36mfrom[39m [32m'@
/lib/types'[39m[33m;
[39m
 [90m 6 |[39m 
[36mimport[39m { 
[33mHabitCheck[39m 
} [36mfrom[39m [32m
'./HabitCheck'[39m[3
3m;[39m[0m



Import traces:
  Client Component 
Browser:
    ./components/dashb
oard/DailyTodos.tsx 
[Client Component 
Browser]
    ./app/page.tsx 
[Client Component 
Browser]
    ./app/page.tsx 
[Server Component]

  Client Component 
SSR:
    ./components/dashb
oard/DailyTodos.tsx 
[Client Component SSR]
    ./app/page.tsx 
[Client Component SSR]
    ./app/page.tsx 
[Server Component]

https://nextjs.org/doc
s/messages/module-not-
found


./components/dashboard
/HabitCheck.tsx:2:1
Module not found: 
Can't resolve 
'lucide-react'
[0m [90m 1 |[39m 
[36mimport[39m { 
motion[33m,[39m [33
mAnimatePresence[39m 
} [36mfrom[39m [32m
'framer-motion'[39m[
33m;[39m
[31m[1m>[22m[39m[
90m 2 |[39m 
[36mimport[39m { 
[33mCheck[39m } 
[36mfrom[39m [32m'l
ucide-react'[39m[33m
;[39m
 [90m   |[39m [31m
[1m^[22m[39m[31m[1
m^[22m[39m[31m[1m^
[22m[39m[31m[1m^[
22m[39m[31m[1m^[22
m[39m[31m[1m^[22m
[39m[31m[1m^[22m[3
9m[31m[1m^[22m[39m
[31m[1m^[22m[39m[
31m[1m^[22m[39m[31
m[1m^[22m[39m[31m
[1m^[22m[39m[31m[1
m^[22m[39m[31m[1m^
[22m[39m[31m[1m^[
22m[39m[31m[1m^[22
m[39m[31m[1m^[22m
[39m[31m[1m^[22m[3
9m[31m[1m^[22m[39m
[31m[1m^[22m[39m[
31m[1m^[22m[39m[31
m[1m^[22m[39m[31m
[1m^[22m[39m[31m[1
m^[22m[39m[31m[1m^
[22m[39m[31m[1m^[
22m[39m[31m[1m^[22
m[39m[31m[1m^[22m
[39m[31m[1m^[22m[3
9m[31m[1m^[22m[39m
[31m[1m^[22m[39m[
31m[1m^[22m[39m[31
m[1m^[22m[39m[31m
[1m^[22m[39m[31m[1
m^[22m[39m[31m[1m^
[22m[39m[31m[1m^[
22m[39m
 [90m 3 |[39m 
[36mimport[39m { cn 
} [36mfrom[39m [32m
'@/lib/utils'[39m[33
m;[39m
 [90m 4 |[39m
 [90m 5 |[39m 
[36minterface[39m [
33mHabitCheckProps[39
m {[0m



Import traces:
  Client Component 
Browser:
    ./components/dashb
oard/HabitCheck.tsx 
[Client Component 
Browser]
    ./components/goals
/GoalsView.tsx 
[Client Component 
Browser]
    ./app/page.tsx 
[Client Component 
Browser]
    ./app/page.tsx 
[Server Component]

  Client Component 
SSR:
    ./components/dashb
oard/HabitCheck.tsx 
[Client Component SSR]
    ./components/goals
/GoalsView.tsx 
[Client Component SSR]
    ./app/page.tsx 
[Client Component SSR]
    ./app/page.tsx 
[Server Component]

https://nextjs.org/doc
s/messages/module-not-
found


./components/goals/Goa
lsView.tsx:3:1
Module not found: 
Can't resolve 
'lucide-react'
[0m [90m 1 |[39m 
[36mimport[39m { 
useState } 
[36mfrom[39m [32m'r
eact'[39m[33m;[39m
 [90m 2 |[39m 
[36mimport[39m { 
motion[33m,[39m [33
mAnimatePresence[39m 
} [36mfrom[39m [32m
'framer-motion'[39m[
33m;[39m
[31m[1m>[22m[39m[
90m 3 |[39m 
[36mimport[39m { [3
3mTarget[39m[33m,[3
9m [33mPlus[39m[33m
,[39m [33mX[39m[33
m,[39m [33mChevronDo
wn[39m[33m,[39m [3
3mChevronUp[39m[33m,
[39m [33mCalendar[3
9m[33m,[39m 
[33mAward[39m } 
[36mfrom[39m [32m'l
ucide-react'[39m[33m
;[39m
 [90m   |[39m [31m
[1m^[22m[39m[31m[1
m^[22m[39m[31m[1m^
[22m[39m[31m[1m^[
22m[39m[31m[1m^[22
m[39m[31m[1m^[22m
[39m[31m[1m^[22m[3
9m[31m[1m^[22m[39m
[31m[1m^[22m[39m[
31m[1m^[22m[39m[31
m[1m^[22m[39m[31m
[1m^[22m[39m[31m[1
m^[22m[39m[31m[1m^
[22m[39m[31m[1m^[
22m[39m[31m[1m^[22
m[39m[31m[1m^[22m
[39m[31m[1m^[22m[3
9m[31m[1m^[22m[39m
[31m[1m^[22m[39m[
31m[1m^[22m[39m[31
m[1m^[22m[39m[31m
[1m^[22m[39m[31m[1
m^[22m[39m[31m[1m^
[22m[39m[31m[1m^[
22m[39m[31m[1m^[22
m[39m[31m[1m^[22m
[39m[31m[1m^[22m[3
9m[31m[1m^[22m[39m
[31m[1m^[22m[39m[
31m[1m^[22m[39m[31
m[1m^[22m[39m[31m
[1m^[22m[39m[31m[1
m^[22m[39m[31m[1m^
[22m[39m[31m[1m^[
22m[39m[31m[1m^[22
m[39m[31m[1m^[22m
[39m[31m[1m^[22m[3
9m[31m[1m^[22m[39m
[31m[1m^[22m[39m[
31m[1m^[22m[39m[31
m[1m^[22m[39m[31m
[1m^[22m[39m[31m[1
m^[22m[39m[31m[1m^
[22m[39m[31m[1m^[
22m[39m[31m[1m^[22
m[39m[31m[1m^[22m
[39m[31m[1m^[22m[3
9m[31m[1m^[22m[39m
[31m[1m^[22m[39m[
31m[1m^[22m[39m[31
m[1m^[22m[39m[31m
[1m^[22m[39m[31m[1
m^[22m[39m[31m[1m^
[22m[39m[31m[1m^[
22m[39m[31m[1m^[22
m[39m[31m[1m^[22m
[39m[31m[1m^[22m[3
9m[31m[1m^[22m[39m
[31m[1m^[22m[39m[
31m[1m^[22m[39m[31
m[1m^[22m[39m[31m
[1m^[22m[39m[31m[1
m^[22m[39m[31m[1m^
[22m[39m[31m[1m^[
22m[39m[31m[1m^[22
m[39m[31m[1m^[22m
[39m[31m[1m^[22m[3
9m[31m[1m^[22m[39m
[31m[1m^[22m[39m[
31m[1m^[22m[39m[31
m[1m^[22m[39m[31m
[1m^[22m[39m[31m[1
m^[22m[39m[31m[1m^
[22m[39m[31m[1m^[
22m[39m[31m[1m^[22
m[39m[31m[1m^[22m
[39m[31m[1m^[22m[3
9m[31m[1m^[22m[39m
[31m[1m^[22m[39m[
31m[1m^[22m[39m[31
m[1m^[22m[39m
 [90m 4 |[39m 
[36mimport[39m { [3
3mGoal[39m[33m,[39m
 [33mChecklistItem[3
9m } [36mfrom[39m [
32m'@/lib/types'[39m
[33m;[39m
 [90m 5 |[39m 
[36mimport[39m { 
[33mHabitCheck[39m 
} [36mfrom[39m [32m
'@/components/dashboar
d/HabitCheck'[39m[33
m;[39m
 [90m 6 |[39m 
[36mimport[39m { 
[33mButton[39m } 
[36mfrom[39m [32m'@
/components/ui/button'
[39m[33m;[39m[0m



Import traces:
  Client Component 
Browser:
    ./components/goals
/GoalsView.tsx 
[Client Component 
Browser]
    ./app/page.tsx 
[Client Component 
Browser]
    ./app/page.tsx 
[Server Component]

  Client Component 
SSR:
    ./components/goals
/GoalsView.tsx 
[Client Component SSR]
    ./app/page.tsx 
[Client Component SSR]
    ./app/page.tsx 
[Server Component]

https://nextjs.org/doc
s/messages/module-not-
found


./components/journal/J
ournalView.tsx:4:1
Module not found: 
Can't resolve 
'lucide-react'
[0m [90m 2 |[39m 
[36mimport[39m { 
motion } 
[36mfrom[39m [32m'f
ramer-motion'[39m[33
m;[39m
 [90m 3 |[39m 
[36mimport[39m { 
format[33m,[39m 
subDays[33m,[39m 
isSameDay } 
[36mfrom[39m [32m'd
ate-fns'[39m[33m;[3
9m
[31m[1m>[22m[39m[
90m 4 |[39m 
[36mimport[39m { [3
3mChevronLeft[39m[33
m,[39m [33mChevronRi
ght[39m[33m,[39m 
[33mBookOpen[39m } 
[36mfrom[39m [32m'l
ucide-react'[39m[33m
;[39m
 [90m   |[39m [31m
[1m^[22m[39m[31m[1
m^[22m[39m[31m[1m^
[22m[39m[31m[1m^[
22m[39m[31m[1m^[22
m[39m[31m[1m^[22m
[39m[31m[1m^[22m[3
9m[31m[1m^[22m[39m
[31m[1m^[22m[39m[
31m[1m^[22m[39m[31
m[1m^[22m[39m[31m
[1m^[22m[39m[31m[1
m^[22m[39m[31m[1m^
[22m[39m[31m[1m^[
22m[39m[31m[1m^[22
m[39m[31m[1m^[22m
[39m[31m[1m^[22m[3
9m[31m[1m^[22m[39m
[31m[1m^[22m[39m[
31m[1m^[22m[39m[31
m[1m^[22m[39m[31m
[1m^[22m[39m[31m[1
m^[22m[39m[31m[1m^
[22m[39m[31m[1m^[
22m[39m[31m[1m^[22
m[39m[31m[1m^[22m
[39m[31m[1m^[22m[3
9m[31m[1m^[22m[39m
[31m[1m^[22m[39m[
31m[1m^[22m[39m[31
m[1m^[22m[39m[31m
[1m^[22m[39m[31m[1
m^[22m[39m[31m[1m^
[22m[39m[31m[1m^[
22m[39m[31m[1m^[22
m[39m[31m[1m^[22m
[39m[31m[1m^[22m[3
9m[31m[1m^[22m[39m
[31m[1m^[22m[39m[
31m[1m^[22m[39m[31
m[1m^[22m[39m[31m
[1m^[22m[39m[31m[1
m^[22m[39m[31m[1m^
[22m[39m[31m[1m^[
22m[39m[31m[1m^[22
m[39m[31m[1m^[22m
[39m[31m[1m^[22m[3
9m[31m[1m^[22m[39m
[31m[1m^[22m[39m[
31m[1m^[22m[39m[31
m[1m^[22m[39m[31m
[1m^[22m[39m[31m[1
m^[22m[39m[31m[1m^
[22m[39m[31m[1m^[
22m[39m[31m[1m^[22
m[39m[31m[1m^[22m
[39m[31m[1m^[22m[3
9m[31m[1m^[22m[39m
[31m[1m^[22m[39m[
31m[1m^[22m[39m[31
m[1m^[22m[39m[31m
[1m^[22m[39m
 [90m 5 |[39m 
[36mimport[39m { [3
3mJournalEntry[39m } 
[36mfrom[39m [32m'@
/lib/types'[39m[33m;
[39m
 [90m 6 |[39m 
[36mimport[39m { 
[33mTextarea[39m } 
[36mfrom[39m [32m'@
/components/ui/textare
a'[39m[33m;[39m
 [90m 7 |[39m 
[36mimport[39m { 
[33mButton[39m } 
[36mfrom[39m [32m'@
/components/ui/button'
[39m[33m;[39m[0m



Import traces:
  Client Component 
Browser:
    ./components/journ
al/JournalView.tsx 
[Client Component 
Browser]
    ./app/page.tsx 
[Client Component 
Browser]
    ./app/page.tsx 
[Server Component]

  Client Component 
SSR:
    ./components/journ
al/JournalView.tsx 
[Client Component SSR]
    ./app/page.tsx 
[Client Component SSR]
    ./app/page.tsx 
[Server Component]

https://nextjs.org/doc
s/messages/module-not-
found


./components/layout/Si
debar.tsx:3:1
Module not found: 
Can't resolve 
'lucide-react'
[0m [90m  1 |[39m 
[36mimport[39m { 
useState } 
[36mfrom[39m [32m'r
eact'[39m[33m;[39m
 [90m  2 |[39m 
[36mimport[39m { 
motion } 
[36mfrom[39m [32m'f
ramer-motion'[39m[33
m;[39m
[31m[1m>[22m[39m[
90m  3 |[39m 
[36mimport[39m { 
 [90m    |[39m [31m
[1m^[22m[39m[31m[
1m^[22m[39m[31m[1m
^[22m[39m[31m[1m^
[22m[39m[31m[1m^[2
2m[39m[31m[1m^[22m
[39m[31m[1m^[22m[
39m[31m[1m^[22m[39
m[31m[1m^[22m[39m
[31m[1m>[22m[39m[
90m  4 |[39m   [33mL
ayoutDashboard[39m[3
3m,[39m 
 [90m    |[39m [31m
[1m^[22m[39m[31m[
1m^[22m[39m[31m[1m
^[22m[39m[31m[1m^
[22m[39m[31m[1m^[2
2m[39m[31m[1m^[22m
[39m[31m[1m^[22m[
39m[31m[1m^[22m[39
m[31m[1m^[22m[39m
[31m[1m^[22m[39m[3
1m[1m^[22m[39m[31m
[1m^[22m[39m[31m[
1m^[22m[39m[31m[1m
^[22m[39m[31m[1m^
[22m[39m[31m[1m^[2
2m[39m[31m[1m^[22m
[39m[31m[1m^[22m[
39m[31m[1m^[22m[39
m
[31m[1m>[22m[39m[
90m  5 |[39m   [33mC
alendar[39m[33m,[39
m 
 [90m    |[39m [31m
[1m^[22m[39m[31m[
1m^[22m[39m[31m[1m
^[22m[39m[31m[1m^
[22m[39m[31m[1m^[2
2m[39m[31m[1m^[22m
[39m[31m[1m^[22m[
39m[31m[1m^[22m[39
m[31m[1m^[22m[39m
[31m[1m^[22m[39m[3
1m[1m^[22m[39m[31m
[1m^[22m[39m[31m[
1m^[22m[39m[31m[1m
^[22m[39m[31m[1m^
[22m[39m[31m[1m^[2
2m[39m[31m[1m^[22m
[39m[31m[1m^[22m[
39m[31m[1m^[22m[39
m
[31m[1m>[22m[39m[
90m  6 |[39m   [33mT
arget[39m[33m,[39m 
 [90m    |[39m [31m
[1m^[22m[39m[31m[
1m^[22m[39m[31m[1m
^[22m[39m[31m[1m^
[22m[39m[31m[1m^[2
2m[39m[31m[1m^[22m
[39m[31m[1m^[22m[
39m[31m[1m^[22m[39
m[31m[1m^[22m[39m
[31m[1m^[22m[39m[3
1m[1m^[22m[39m[31m
[1m^[22m[39m[31m[
1m^[22m[39m[31m[1m
^[22m[39m[31m[1m^
[22m[39m[31m[1m^[2
2m[39m[31m[1m^[22m
[39m[31m[1m^[22m[
39m[31m[1m^[22m[39
m
[31m[1m>[22m[39m[
90m  7 |[39m   [33mT
rophy[39m[33m,[39m 
 [90m    |[39m [31m
[1m^[22m[39m[31m[
1m^[22m[39m[31m[1m
^[22m[39m[31m[1m^
[22m[39m[31m[1m^[2
2m[39m[31m[1m^[22m
[39m[31m[1m^[22m[
39m[31m[1m^[22m[39
m[31m[1m^[22m[39m
[31m[1m^[22m[39m[3
1m[1m^[22m[39m[31m
[1m^[22m[39m[31m[
1m^[22m[39m[31m[1m
^[22m[39m[31m[1m^
[22m[39m[31m[1m^[2
2m[39m[31m[1m^[22m
[39m[31m[1m^[22m[
39m[31m[1m^[22m[39
m
[31m[1m>[22m[39m[
90m  8 |[39m   [33mB
ookOpen[39m[33m,[39
m
 [90m    |[39m [31m
[1m^[22m[39m[31m[
1m^[22m[39m[31m[1m
^[22m[39m[31m[1m^
[22m[39m[31m[1m^[2
2m[39m[31m[1m^[22m
[39m[31m[1m^[22m[
39m[31m[1m^[22m[39
m[31m[1m^[22m[39m
[31m[1m^[22m[39m[3
1m[1m^[22m[39m[31m
[1m^[22m[39m[31m[
1m^[22m[39m[31m[1m
^[22m[39m[31m[1m^
[22m[39m[31m[1m^[2
2m[39m[31m[1m^[22m
[39m[31m[1m^[22m[
39m[31m[1m^[22m[39
m
[31m[1m>[22m[39m[
90m  9 |[39m   [33mM
enu[39m[33m,[39m
 [90m    |[39m [31m
[1m^[22m[39m[31m[
1m^[22m[39m[31m[1m
^[22m[39m[31m[1m^
[22m[39m[31m[1m^[2
2m[39m[31m[1m^[22m
[39m[31m[1m^[22m[
39m[31m[1m^[22m[39
m[31m[1m^[22m[39m
[31m[1m^[22m[39m[3
1m[1m^[22m[39m[31m
[1m^[22m[39m[31m[
1m^[22m[39m[31m[1m
^[22m[39m[31m[1m^
[22m[39m[31m[1m^[2
2m[39m[31m[1m^[22m
[39m[31m[1m^[22m[
39m[31m[1m^[22m[39
m
[31m[1m>[22m[39m[
90m 10 |[39m   
[33mX[39m[33m,[39m
 [90m    |[39m [31m
[1m^[22m[39m[31m[
1m^[22m[39m[31m[1m
^[22m[39m[31m[1m^
[22m[39m[31m[1m^[2
2m[39m[31m[1m^[22m
[39m[31m[1m^[22m[
39m[31m[1m^[22m[39
m[31m[1m^[22m[39m
[31m[1m^[22m[39m[3
1m[1m^[22m[39m[31m
[1m^[22m[39m[31m[
1m^[22m[39m[31m[1m
^[22m[39m[31m[1m^
[22m[39m[31m[1m^[2
2m[39m[31m[1m^[22m
[39m[31m[1m^[22m[
39m[31m[1m^[22m[39
m
[31m[1m>[22m[39m[
90m 11 |[39m   
[33mSparkles[39m
 [90m    |[39m [31m
[1m^[22m[39m[31m[
1m^[22m[39m[31m[1m
^[22m[39m[31m[1m^
[22m[39m[31m[1m^[2
2m[39m[31m[1m^[22m
[39m[31m[1m^[22m[
39m[31m[1m^[22m[39
m[31m[1m^[22m[39m
[31m[1m^[22m[39m[3
1m[1m^[22m[39m[31m
[1m^[22m[39m[31m[
1m^[22m[39m[31m[1m
^[22m[39m[31m[1m^
[22m[39m[31m[1m^[2
2m[39m[31m[1m^[22m
[39m[31m[1m^[22m[
39m[31m[1m^[22m[39
m
[31m[1m>[22m[39m[
90m 12 |[39m } 
[36mfrom[39m [32m'l
ucide-react'[39m[33m
;[39m
 [90m    |[39m [31m
[1m^[22m[39m[31m[
1m^[22m[39m[31m[1m
^[22m[39m[31m[1m^
[22m[39m[31m[1m^[2
2m[39m[31m[1m^[22m
[39m[31m[1m^[22m[
39m[31m[1m^[22m[39
m[31m[1m^[22m[39m
[31m[1m^[22m[39m[3
1m[1m^[22m[39m[31m
[1m^[22m[39m[31m[
1m^[22m[39m[31m[1m
^[22m[39m[31m[1m^
[22m[39m[31m[1m^[2
2m[39m[31m[1m^[22m
[39m[31m[1m^[22m[
39m[31m[1m^[22m[39
m[31m[1m^[22m[39m
[31m[1m^[22m[39m[3
1m[1m^[22m[39m[31m
[1m^[22m[39m
 [90m 13 |[39m 
[36mimport[39m { cn 
} [36mfrom[39m [32m
'@/lib/utils'[39m[33
m;[39m
 [90m 14 |[39m
 [90m 15 |[39m 
[36minterface[39m [
33mSidebarProps[39m 
{[0m



Import traces:
  Client Component 
Browser:
    ./components/layou
t/Sidebar.tsx [Client 
Component Browser]
    ./app/page.tsx 
[Client Component 
Browser]
    ./app/page.tsx 
[Server Component]

  Client Component 
SSR:
    ./components/layou
t/Sidebar.tsx [Client 
Component SSR]
    ./app/page.tsx 
[Client Component SSR]
    ./app/page.tsx 
[Server Component]

https://nextjs.org/doc
s/messages/module-not-
found


./lib/utils.ts:2:1
Module not found: 
Can't resolve 
'tailwind-merge'
[0m [90m 1 |[39m 
[36mimport[39m { 
clsx[33m,[39m type 
[33mClassValue[39m 
} [36mfrom[39m [32m
"clsx"[39m[33m;[39m
[31m[1m>[22m[39m[
90m 2 |[39m 
[36mimport[39m { 
twMerge } 
[36mfrom[39m [32m"t
ailwind-merge"[39m[3
3m;[39m
 [90m   |[39m [31m
[1m^[22m[39m[31m[1
m^[22m[39m[31m[1m^
[22m[39m[31m[1m^[
22m[39m[31m[1m^[22
m[39m[31m[1m^[22m
[39m[31m[1m^[22m[3
9m[31m[1m^[22m[39m
[31m[1m^[22m[39m[
31m[1m^[22m[39m[31
m[1m^[22m[39m[31m
[1m^[22m[39m[31m[1
m^[22m[39m[31m[1m^
[22m[39m[31m[1m^[
22m[39m[31m[1m^[22
m[39m[31m[1m^[22m
[39m[31m[1m^[22m[3
9m[31m[1m^[22m[39m
[31m[1m^[22m[39m[
31m[1m^[22m[39m[31
m[1m^[22m[39m[31m
[1m^[22m[39m[31m[1
m^[22m[39m[31m[1m^
[22m[39m[31m[1m^[
22m[39m[31m[1m^[22
m[39m[31m[1m^[22m
[39m[31m[1m^[22m[3
9m[31m[1m^[22m[39m
[31m[1m^[22m[39m[
31m[1m^[22m[39m[31
m[1m^[22m[39m[31m
[1m^[22m[39m[31m[1
m^[22m[39m[31m[1m^
[22m[39m[31m[1m^[
22m[39m[31m[1m^[22
m[39m[31m[1m^[22m
[39m[31m[1m^[22m[3
9m[31m[1m^[22m[39m
 [90m 3 |[39m
 [90m 4 |[39m 
[36mexport[39m 
[36mfunction[39m cn(
[33m...[39minputs[3
3m:[39m [33mClassVal
ue[39m[]) {
 [90m 5 |[39m   
[36mreturn[39m twMer
ge(clsx(inputs))[33m;
[39m[0m



Import traces:
  Client Component 
Browser:
    ./lib/utils.ts 
[Client Component 
Browser]
    ./components/calen
dar/MonthlyCalendar.ts
x [Client Component 
Browser]
    ./app/page.tsx 
[Client Component 
Browser]
    ./app/page.tsx 
[Server Component]

  Client Component 
SSR:
    ./lib/utils.ts 
[Client Component SSR]
    ./components/calen
dar/MonthlyCalendar.ts
x [Client Component 
SSR]
    ./app/page.tsx 
[Client Component SSR]
    ./app/page.tsx 
[Server Component]

https://nextjs.org/doc
s/messages/module-not-
found


    at Module.init (tu
rbopack:///[turbopack-
node]/transforms/postc
ss.ts:43:33) [D:\Proje
ct\Habit-Flow\frontend
\.next\build\chunks\[r
oot-of-the-server]__51
225daf._.js:129:35])
    at run (turbopack:
///[turbopack-node]/ip
c/evaluate.ts:77:20) [
D:\Project\Habit-Flow\
frontend\.next\build\c
hunks\[root-of-the-ser
ver]__974941ed._.js:42
9:26])
    at <unknown> (./co
mponents/ui/button.tsx
:2:1)
    at <unknown> (http
s://nextjs.org/docs/me
ssages/module-not-foun
d)
    at <unknown> (./co
mponents/ui/button.tsx
:3:1)
    at <unknown> (http
s://nextjs.org/docs/me
ssages/module-not-foun
d)
    at <unknown> 
(./lib/utils.ts:1:1)
    at <unknown> (http
s://nextjs.org/docs/me
ssages/module-not-foun
d)
    at <unknown> 
(./app/page.tsx:4:1)
    at <unknown> (http
s://nextjs.org/docs/me
ssages/module-not-foun
d)
    at <unknown> (./co
mponents/calendar/Mont
hlyCalendar.tsx:3:1)
    at <unknown> (http
s://nextjs.org/docs/me
ssages/module-not-foun
d)
    at <unknown> (./co
mponents/dashboard/Dai
lyHabits.tsx:2:1)
    at <unknown> (http
s://nextjs.org/docs/me
ssages/module-not-foun
d)
    at <unknown> (./co
mponents/dashboard/Dai
lyTodos.tsx:4:1)
    at <unknown> (http
s://nextjs.org/docs/me
ssages/module-not-foun
d)
    at <unknown> (./co
mponents/dashboard/Jou
rnalWidget.tsx:3:1)
    at <unknown> (http
s://nextjs.org/docs/me
ssages/module-not-foun
d)
    at <unknown> (./co
mponents/journal/Journ
alView.tsx:3:1)
    at <unknown> (http
s://nextjs.org/docs/me
ssages/module-not-foun
d)
    at <unknown> 
(./app/page.tsx:5:1)
    at <unknown> (http
s://nextjs.org/docs/me
ssages/module-not-foun
d)
    at <unknown> (./co
mponents/achievements/
AchievementsView.tsx:1
:1)
    at <unknown> (http
s://nextjs.org/docs/me
ssages/module-not-foun
d)
    at <unknown> (./co
mponents/calendar/Mont
hlyCalendar.tsx:2:1)
    at <unknown> (http
s://nextjs.org/docs/me
ssages/module-not-foun
d)
    at <unknown> (./co
mponents/dashboard/Dai
lyHabits.tsx:1:1)
    at <unknown> (http
s://nextjs.org/docs/me
ssages/module-not-foun
d)
    at <unknown> (./co
mponents/dashboard/Dai
lyTodos.tsx:2:1)
    at <unknown> (http
s://nextjs.org/docs/me
ssages/module-not-foun
d)
    at <unknown> (./co
mponents/dashboard/Hab
itCheck.tsx:1:1)
    at <unknown> (http
s://nextjs.org/docs/me
ssages/module-not-foun
d)
    at <unknown> (./co
mponents/dashboard/Jou
rnalWidget.tsx:2:1)
    at <unknown> (http
s://nextjs.org/docs/me
ssages/module-not-foun
d)
    at <unknown> (./co
mponents/dashboard/Pro
gressRing.tsx:1:1)
    at <unknown> (http
s://nextjs.org/docs/me
ssages/module-not-foun
d)
    at <unknown> (./co
mponents/dashboard/Sta
tsCard.tsx:1:1)
    at <unknown> (http
s://nextjs.org/docs/me
ssages/module-not-foun
d)
    at <unknown> (./co
mponents/goals/GoalsVi
ew.tsx:2:1)
    at <unknown> (http
s://nextjs.org/docs/me
ssages/module-not-foun
d)
    at <unknown> (./co
mponents/journal/Journ
alView.tsx:2:1)
    at <unknown> (http
s://nextjs.org/docs/me
ssages/module-not-foun
d)
    at <unknown> (./co
mponents/layout/Sideba
r.tsx:2:1)
    at <unknown> (http
s://nextjs.org/docs/me
ssages/module-not-foun
d)
    at <unknown> 
(./app/page.tsx:6:1)
    at <unknown> (http
s://nextjs.org/docs/me
ssages/module-not-foun
d)
    at <unknown> (./co
mponents/achievements/
AchievementsView.tsx:2
:1)
    at <unknown> (http
s://nextjs.org/docs/me
ssages/module-not-foun
d)
    at <unknown> (./co
mponents/calendar/Mont
hlyCalendar.tsx:4:1)
    at <unknown> (http
s://nextjs.org/docs/me
ssages/module-not-foun
d)
    at <unknown> (./co
mponents/dashboard/Dai
lyTodos.tsx:3:1)
    at <unknown> (http
s://nextjs.org/docs/me
ssages/module-not-foun
d)
    at <unknown> (./co
mponents/dashboard/Hab
itCheck.tsx:2:1)
    at <unknown> (http
s://nextjs.org/docs/me
ssages/module-not-foun
d)
    at <unknown> (./co
mponents/goals/GoalsVi
ew.tsx:3:1)
    at <unknown> (http
s://nextjs.org/docs/me
ssages/module-not-foun
d)
    at <unknown> (./co
mponents/journal/Journ
alView.tsx:4:1)
    at <unknown> (http
s://nextjs.org/docs/me
ssages/module-not-foun
d)
    at <unknown> (./co
mponents/layout/Sideba
r.tsx:3:1)
    at <unknown> (http
s://nextjs.org/docs/me
ssages/module-not-foun
d)
    at <unknown> 
(./lib/utils.ts:2:1)
    at <unknown> (http
s://nextjs.org/docs/me
ssages/module-not-foun
d)
